###############################################################################
#
# IAR ELF Linker V8.40.2.214/W32 for ARM                  04/Mar/2024  15:12:51
# Copyright 2007-2019 IAR Systems AB.
#
#    Output file  =
#        C:\Users\BAZINFO\Desktop\STSW-STPM002 -
#        Copie\EWARM\release_uart\Exe\stm32_stpm.out
#    Map file     =
#        C:\Users\BAZINFO\Desktop\STSW-STPM002 -
#        Copie\EWARM\release_uart\List\stm32_stpm.map
#    Command line =
#        -f C:\Users\BAZINFO\AppData\Local\Temp\EWAC62.tmp
#        ("C:\Users\BAZINFO\Desktop\STSW-STPM002 -
#        Copie\EWARM\release_uart\Obj\main.o"
#        "C:\Users\BAZINFO\Desktop\STSW-STPM002 -
#        Copie\EWARM\release_uart\Obj\metrology.o"
#        "C:\Users\BAZINFO\Desktop\STSW-STPM002 -
#        Copie\EWARM\release_uart\Obj\metrology_hal.o"
#        "C:\Users\BAZINFO\Desktop\STSW-STPM002 -
#        Copie\EWARM\release_uart\Obj\metroTask.o"
#        "C:\Users\BAZINFO\Desktop\STSW-STPM002 -
#        Copie\EWARM\release_uart\Obj\startup_stm32f103xe.o"
#        "C:\Users\BAZINFO\Desktop\STSW-STPM002 -
#        Copie\EWARM\release_uart\Obj\stm32f1xx_hal.o"
#        "C:\Users\BAZINFO\Desktop\STSW-STPM002 -
#        Copie\EWARM\release_uart\Obj\stm32f1xx_hal_cortex.o"
#        "C:\Users\BAZINFO\Desktop\STSW-STPM002 -
#        Copie\EWARM\release_uart\Obj\stm32f1xx_hal_dma.o"
#        "C:\Users\BAZINFO\Desktop\STSW-STPM002 -
#        Copie\EWARM\release_uart\Obj\stm32f1xx_hal_exti.o"
#        "C:\Users\BAZINFO\Desktop\STSW-STPM002 -
#        Copie\EWARM\release_uart\Obj\stm32f1xx_hal_flash.o"
#        "C:\Users\BAZINFO\Desktop\STSW-STPM002 -
#        Copie\EWARM\release_uart\Obj\stm32f1xx_hal_flash_ex.o"
#        "C:\Users\BAZINFO\Desktop\STSW-STPM002 -
#        Copie\EWARM\release_uart\Obj\stm32f1xx_hal_gpio.o"
#        "C:\Users\BAZINFO\Desktop\STSW-STPM002 -
#        Copie\EWARM\release_uart\Obj\stm32f1xx_hal_gpio_ex.o"
#        "C:\Users\BAZINFO\Desktop\STSW-STPM002 -
#        Copie\EWARM\release_uart\Obj\stm32f1xx_hal_msp.o"
#        "C:\Users\BAZINFO\Desktop\STSW-STPM002 -
#        Copie\EWARM\release_uart\Obj\stm32f1xx_hal_pwr.o"
#        "C:\Users\BAZINFO\Desktop\STSW-STPM002 -
#        Copie\EWARM\release_uart\Obj\stm32f1xx_hal_rcc.o"
#        "C:\Users\BAZINFO\Desktop\STSW-STPM002 -
#        Copie\EWARM\release_uart\Obj\stm32f1xx_hal_rcc_ex.o"
#        "C:\Users\BAZINFO\Desktop\STSW-STPM002 -
#        Copie\EWARM\release_uart\Obj\stm32f1xx_hal_spi.o"
#        "C:\Users\BAZINFO\Desktop\STSW-STPM002 -
#        Copie\EWARM\release_uart\Obj\stm32f1xx_hal_tim.o"
#        "C:\Users\BAZINFO\Desktop\STSW-STPM002 -
#        Copie\EWARM\release_uart\Obj\stm32f1xx_hal_tim_ex.o"
#        "C:\Users\BAZINFO\Desktop\STSW-STPM002 -
#        Copie\EWARM\release_uart\Obj\stm32f1xx_hal_uart.o"
#        "C:\Users\BAZINFO\Desktop\STSW-STPM002 -
#        Copie\EWARM\release_uart\Obj\stm32f1xx_it.o"
#        "C:\Users\BAZINFO\Desktop\STSW-STPM002 -
#        Copie\EWARM\release_uart\Obj\system_stm32f1xx.o" --redirect
#        _Printf=_PrintfFull --redirect _Scanf=_ScanfFull --no_out_extension -o
#        "C:\Users\BAZINFO\Desktop\STSW-STPM002 -
#        Copie\EWARM\release_uart\Exe\stm32_stpm.out" --map
#        "C:\Users\BAZINFO\Desktop\STSW-STPM002 -
#        Copie\EWARM\release_uart\List\stm32_stpm.map" --config
#        "C:\Users\BAZINFO\Desktop\STSW-STPM002 -
#        Copie\EWARM/stm32f103xe_flash.icf" --semihosting --entry
#        __iar_program_start --vfe --text_out locale)
#
###############################################################################

*******************************************************************************
*** RUNTIME MODEL ATTRIBUTES
***

CppFlavor       = *
__SystemLibrary = DLib
__dlib_version  = 6


*******************************************************************************
*** HEAP SELECTION
***

The basic heap was selected because no calls to memory allocation
functions were found in the application outside of system library
functions, and there are calls to deallocation functions in the
application.


*******************************************************************************
*** PLACEMENT SUMMARY
***

"A0":  place at address 0x800'0000 { ro section .intvec };
"P1":  place in [from 0x800'0000 to 0x807'ffff] { ro };
define block CSTACK with size = 512, alignment = 8 { };
define block HEAP with size = 1K, alignment = 8 { };
"P2":  place in [from 0x2000'0000 to 0x2000'ffff] {
          rw, block CSTACK, block HEAP };
initialize by copy { rw };

  Section            Kind         Address    Size  Object
  -------            ----         -------    ----  ------
"A0":                                       0x130
  .intvec            ro code   0x800'0000   0x130  startup_stm32f103xe.o [1]
                             - 0x800'0130   0x130

"P1":                                      0x2950
  .text              ro code   0x800'0130   0xbd0  metrology_hal.o [1]
  .text              ro code   0x800'0d00   0x208  stm32f1xx_hal_gpio.o [1]
  .text              ro code   0x800'0f08    0x66  ABImemset.o [3]
  .text              ro code   0x800'0f6e    0x3a  zero_init3.o [3]
  .text              ro code   0x800'0fa8    0xa6  ABImemcpy.o [3]
  .text              ro code   0x800'104e    0x2e  copy_init3.o [3]
  .text              ro code   0x800'107c   0x3a0  stm32f1xx_hal_spi.o [1]
  .text              ro code   0x800'141c   0x168  stm32f1xx_hal_msp.o [1]
  .text              ro code   0x800'1584     0xc  stm32f1xx_hal.o [1]
  .text              ro code   0x800'1590    0x14  memset.o [3]
  .text              ro code   0x800'15a4    0xf0  stm32f1xx_hal_cortex.o [1]
  .text              ro code   0x800'1694   0x522  stm32f1xx_hal_rcc.o [1]
  .text              ro code   0x800'1bb8    0x48  stm32f1xx_hal.o [1]
  .text              ro code   0x800'1c00   0x3fc  stm32f1xx_hal_tim.o [1]
  .text              ro code   0x800'1ffc     0x2  stm32f1xx_hal_tim.o [1]
  .text              ro code   0x800'1ffe     0x2  stm32f1xx_hal_tim.o [1]
  .text              ro code   0x800'2000     0x2  stm32f1xx_hal_tim.o [1]
  .text              ro code   0x800'2004   0x2c4  main.o [1]
  .text              ro code   0x800'22c8     0x2  stm32f1xx_hal_tim_ex.o [1]
  .text              ro code   0x800'22ca     0x2  stm32f1xx_hal_tim.o [1]
  .text              ro code   0x800'22cc     0x2  stm32f1xx_hal_tim_ex.o [1]
  .text              ro code   0x800'22d0    0x24  stm32f1xx_hal.o [1]
  .text              ro code   0x800'22f4   0x144  metroTask.o [1]
  .text              ro code   0x800'2438    0x28  stm32f1xx_hal.o [1]
  .text              ro code   0x800'2460    0x7c  stm32f1xx_hal_tim_ex.o [1]
  .text              ro code   0x800'24dc    0xe4  stm32f1xx_hal_uart.o [1]
  .text              ro code   0x800'25c0   0x250  metrology.o [1]
  .rodata            const     0x800'2810    0x68  metroTask.o [1]
  .text              ro code   0x800'2878    0x28  data_init.o [3]
  .iar.init_table    const     0x800'28a0    0x24  - Linker created -
  .text              ro code   0x800'28c4    0x1e  cmain.o [3]
  .text              ro code   0x800'28e2     0x4  low_level_init.o [2]
  .text              ro code   0x800'28e6     0x4  exit.o [2]
  .text              ro code   0x800'28ec     0xa  cexit.o [3]
  .text              ro code   0x800'28f8    0x14  exit.o [4]
  .text              ro code   0x800'290c    0x14  system_stm32f1xx.o [1]
  .text              ro code   0x800'2920    0x10  startup_stm32f103xe.o [1]
  .text              ro code   0x800'2930    0x10  stm32f1xx_hal.o [1]
  .text              ro code   0x800'2940    0x10  stm32f1xx_it.o [1]
  Initializer bytes  const     0x800'2950    0x10  <for P2-1>
  .text              ro code   0x800'2960     0xc  cstartup_M.o [3]
  .rodata            const     0x800'296c     0x8  system_stm32f1xx.o [1]
  .text              ro code   0x800'2974     0x4  startup_stm32f103xe.o [1]
  .text              ro code   0x800'2978     0x4  startup_stm32f103xe.o [1]
  .text              ro code   0x800'297c     0x4  startup_stm32f103xe.o [1]
  .text              ro code   0x800'2980     0x4  startup_stm32f103xe.o [1]
  .text              ro code   0x800'2984     0x4  startup_stm32f103xe.o [1]
  .text              ro code   0x800'2988     0x4  startup_stm32f103xe.o [1]
  .text              ro code   0x800'298c     0x4  startup_stm32f103xe.o [1]
  .text              ro code   0x800'2990     0x4  startup_stm32f103xe.o [1]
  .text              ro code   0x800'2994     0x4  startup_stm32f103xe.o [1]
  .text              ro code   0x800'2998     0x4  startup_stm32f103xe.o [1]
  .text              ro code   0x800'299c     0x4  startup_stm32f103xe.o [1]
  .text              ro code   0x800'29a0     0x4  startup_stm32f103xe.o [1]
  .text              ro code   0x800'29a4     0x4  startup_stm32f103xe.o [1]
  .text              ro code   0x800'29a8     0x4  startup_stm32f103xe.o [1]
  .text              ro code   0x800'29ac     0x4  startup_stm32f103xe.o [1]
  .text              ro code   0x800'29b0     0x4  startup_stm32f103xe.o [1]
  .text              ro code   0x800'29b4     0x4  startup_stm32f103xe.o [1]
  .text              ro code   0x800'29b8     0x4  startup_stm32f103xe.o [1]
  .text              ro code   0x800'29bc     0x4  startup_stm32f103xe.o [1]
  .text              ro code   0x800'29c0     0x4  startup_stm32f103xe.o [1]
  .text              ro code   0x800'29c4     0x4  startup_stm32f103xe.o [1]
  .text              ro code   0x800'29c8     0x4  startup_stm32f103xe.o [1]
  .text              ro code   0x800'29cc     0x4  startup_stm32f103xe.o [1]
  .text              ro code   0x800'29d0     0x4  startup_stm32f103xe.o [1]
  .text              ro code   0x800'29d4     0x4  startup_stm32f103xe.o [1]
  .text              ro code   0x800'29d8     0x4  startup_stm32f103xe.o [1]
  .text              ro code   0x800'29dc     0x4  startup_stm32f103xe.o [1]
  .text              ro code   0x800'29e0     0x4  startup_stm32f103xe.o [1]
  .text              ro code   0x800'29e4     0x4  startup_stm32f103xe.o [1]
  .text              ro code   0x800'29e8     0x4  startup_stm32f103xe.o [1]
  .text              ro code   0x800'29ec     0x4  startup_stm32f103xe.o [1]
  .text              ro code   0x800'29f0     0x4  startup_stm32f103xe.o [1]
  .text              ro code   0x800'29f4     0x4  startup_stm32f103xe.o [1]
  .text              ro code   0x800'29f8     0x4  startup_stm32f103xe.o [1]
  .text              ro code   0x800'29fc     0x4  startup_stm32f103xe.o [1]
  .text              ro code   0x800'2a00     0x4  startup_stm32f103xe.o [1]
  .text              ro code   0x800'2a04     0x4  startup_stm32f103xe.o [1]
  .text              ro code   0x800'2a08     0x4  startup_stm32f103xe.o [1]
  .text              ro code   0x800'2a0c     0x4  startup_stm32f103xe.o [1]
  .text              ro code   0x800'2a10     0x4  startup_stm32f103xe.o [1]
  .text              ro code   0x800'2a14     0x4  startup_stm32f103xe.o [1]
  .text              ro code   0x800'2a18     0x4  startup_stm32f103xe.o [1]
  .text              ro code   0x800'2a1c     0x4  startup_stm32f103xe.o [1]
  .text              ro code   0x800'2a20     0x4  startup_stm32f103xe.o [1]
  .text              ro code   0x800'2a24     0x4  startup_stm32f103xe.o [1]
  .text              ro code   0x800'2a28     0x4  startup_stm32f103xe.o [1]
  .text              ro code   0x800'2a2c     0x4  startup_stm32f103xe.o [1]
  .text              ro code   0x800'2a30     0x4  startup_stm32f103xe.o [1]
  .text              ro code   0x800'2a34     0x4  startup_stm32f103xe.o [1]
  .text              ro code   0x800'2a38     0x4  startup_stm32f103xe.o [1]
  .text              ro code   0x800'2a3c     0x4  startup_stm32f103xe.o [1]
  .text              ro code   0x800'2a40     0x4  startup_stm32f103xe.o [1]
  .text              ro code   0x800'2a44     0x4  startup_stm32f103xe.o [1]
  .text              ro code   0x800'2a48     0x4  startup_stm32f103xe.o [1]
  .text              ro code   0x800'2a4c     0x4  startup_stm32f103xe.o [1]
  .text              ro code   0x800'2a50     0x4  startup_stm32f103xe.o [1]
  .text              ro code   0x800'2a54     0x4  startup_stm32f103xe.o [1]
  .text              ro code   0x800'2a58     0x4  startup_stm32f103xe.o [1]
  .text              ro code   0x800'2a5c     0x4  startup_stm32f103xe.o [1]
  .text              ro code   0x800'2a60     0x4  startup_stm32f103xe.o [1]
  .text              ro code   0x800'2a64     0x4  startup_stm32f103xe.o [1]
  .text              ro code   0x800'2a68     0x4  startup_stm32f103xe.o [1]
  .text              ro code   0x800'2a6c     0x4  startup_stm32f103xe.o [1]
  .text              ro code   0x800'2a70     0x4  startup_stm32f103xe.o [1]
  .text              ro code   0x800'2a74     0x4  startup_stm32f103xe.o [1]
  .text              ro code   0x800'2a78     0x4  startup_stm32f103xe.o [1]
  .text              ro code   0x800'2a7c     0x4  startup_stm32f103xe.o [1]
  .rodata            const     0x800'2a80     0x0  zero_init3.o [3]
  .rodata            const     0x800'2a80     0x0  copy_init3.o [3]
                             - 0x800'2a80  0x2950

"P2", part 1 of 3:                           0x10
  P2-1                        0x2000'0000    0x10  <Init block>
    .data            inited   0x2000'0000     0xc  stm32f1xx_hal.o [1]
    .data            inited   0x2000'000c     0x4  system_stm32f1xx.o [1]
                            - 0x2000'0010    0x10

"P2", part 2 of 3:                          0x580
  .bss               zero     0x2000'0010   0x2e8  metrology.o [1]
  .bss               zero     0x2000'02f8    0xb0  metrology_hal.o [1]
  .bss               zero     0x2000'03a8    0x78  metrology.o [1]
  .bss               zero     0x2000'0420    0x58  main.o [1]
  .bss               zero     0x2000'0478    0x58  metrology_hal.o [1]
  .bss               zero     0x2000'04d0    0x4c  main.o [1]
  .bss               zero     0x2000'051c    0x48  main.o [1]
  .bss               zero     0x2000'0564    0x24  metroTask.o [1]
  .bss               zero     0x2000'0588     0x4  metrology_hal.o [1]
  .bss               zero     0x2000'058c     0x1  metrology_hal.o [1]
                            - 0x2000'058d   0x57d

"P2", part 3 of 3:                          0x200
  CSTACK                      0x2000'0590   0x200  <Block>
    CSTACK           uninit   0x2000'0590   0x200  <Block tail>
                            - 0x2000'0790   0x200

Unused ranges:

         From           To      Size
         ----           --      ----
   0x800'2a80   0x807'ffff  0x7'd580
  0x2000'0790  0x2000'ffff    0xf870


*******************************************************************************
*** INIT TABLE
***

          Address      Size
          -------      ----
Zero (__iar_zero_init3)
    1 destination range, total size 0x57d:
          0x2000'0010  0x57d

Copy (__iar_copy_init3)
    1 source range, total size 0x10:
           0x800'2950   0x10
    1 destination range, total size 0x10:
          0x2000'0000   0x10



*******************************************************************************
*** MODULE SUMMARY
***

    Module                  ro code  ro data  rw data
    ------                  -------  -------  -------
command line/config:
    -------------------------------------------------
    Total:

C:\Users\BAZINFO\Desktop\STSW-STPM002 - Copie\EWARM\release_uart\Obj: [1]
    main.o                      708               236
    metroTask.o                 324      104       36
    metrology.o                 592               864
    metrology_hal.o           3'024               269
    startup_stm32f103xe.o       588
    stm32f1xx_hal.o             176       12       12
    stm32f1xx_hal_cortex.o      240
    stm32f1xx_hal_gpio.o        520
    stm32f1xx_hal_msp.o         360
    stm32f1xx_hal_rcc.o       1'314
    stm32f1xx_hal_spi.o         928
    stm32f1xx_hal_tim.o       1'028
    stm32f1xx_hal_tim_ex.o      128
    stm32f1xx_hal_uart.o        228
    stm32f1xx_it.o               16
    system_stm32f1xx.o           20       12        4
    -------------------------------------------------
    Total:                   10'194      128    1'421

dl7M_tln.a: [2]
    exit.o                        4
    low_level_init.o              4
    -------------------------------------------------
    Total:                        8

rt7M_tl.a: [3]
    ABImemcpy.o                 166
    ABImemset.o                 102
    cexit.o                      10
    cmain.o                      30
    copy_init3.o                 46
    cstartup_M.o                 12
    data_init.o                  40
    memset.o                     20
    zero_init3.o                 58
    -------------------------------------------------
    Total:                      484

shb_l.a: [4]
    exit.o                       20
    -------------------------------------------------
    Total:                       20

    Gaps                         10
    Linker created                        36      512
-----------------------------------------------------
    Grand Total:             10'716      164    1'933


*******************************************************************************
*** ENTRY LIST
***

Entry                       Address   Size  Type      Object
-----                       -------   ----  ----      ------
.iar.init_table$$Base    0x800'28a0          --   Gb  - Linker created -
.iar.init_table$$Limit   0x800'28c4          --   Gb  - Linker created -
?main                    0x800'28c5         Code  Gb  cmain.o [3]
AHBPrescTable            0x800'2910   0x10  Data  Gb  system_stm32f1xx.o [1]
APBPrescTable            0x800'296c    0x8  Data  Gb  system_stm32f1xx.o [1]
CRC_u8Checksum          0x2000'058c    0x1  Data  Lc  metrology_hal.o [1]
CSTACK$$Base            0x2000'0590          --   Gb  - Linker created -
CSTACK$$Limit           0x2000'0790          --   Gb  - Linker created -
Error_Handler            0x800'22c5    0x4  Code  Lc  main.o [1]
HAL_Delay                0x800'2439   0x28  Code  Wk  stm32f1xx_hal.o [1]
HAL_GPIO_Init            0x800'0d01  0x1ae  Code  Gb  stm32f1xx_hal_gpio.o [1]
HAL_GPIO_TogglePin       0x800'0ebd   0x10  Code  Gb  stm32f1xx_hal_gpio.o [1]
HAL_GPIO_WritePin        0x800'0eaf    0xe  Code  Gb  stm32f1xx_hal_gpio.o [1]
HAL_GetTick              0x800'1585    0xc  Code  Wk  stm32f1xx_hal.o [1]
HAL_IncTick              0x800'2931   0x10  Code  Wk  stm32f1xx_hal.o [1]
HAL_Init                 0x800'22d1   0x20  Code  Gb  stm32f1xx_hal.o [1]
HAL_InitTick             0x800'1bb9   0x48  Code  Wk  stm32f1xx_hal.o [1]
HAL_MspInit              0x800'141d   0x3a  Code  Gb  stm32f1xx_hal_msp.o [1]
HAL_NVIC_EnableIRQ       0x800'1677    0x2  Code  Gb  stm32f1xx_hal_cortex.o [1]
HAL_NVIC_SetPriority     0x800'1659   0x1e  Code  Gb  stm32f1xx_hal_cortex.o [1]
HAL_NVIC_SetPriorityGrouping
                         0x800'1657    0x2  Code  Gb  stm32f1xx_hal_cortex.o [1]
HAL_RCC_ClockConfig      0x800'19cd  0x11a  Code  Gb  stm32f1xx_hal_rcc.o [1]
HAL_RCC_GetHCLKFreq      0x800'1b1f    0x6  Code  Gb  stm32f1xx_hal_rcc.o [1]
HAL_RCC_GetPCLK1Freq     0x800'1b25   0x16  Code  Gb  stm32f1xx_hal_rcc.o [1]
HAL_RCC_GetPCLK2Freq     0x800'1b3b   0x16  Code  Gb  stm32f1xx_hal_rcc.o [1]
HAL_RCC_GetSysClockFreq
                         0x800'1ae9   0x36  Code  Gb  stm32f1xx_hal_rcc.o [1]
HAL_RCC_GetSysClockFreq::aPLLMULFactorTable
                         0x800'1ba4   0x10  Data  Lc  stm32f1xx_hal_rcc.o [1]
HAL_RCC_GetSysClockFreq::aPredivFactorTable
                         0x800'1bb4    0x2  Data  Lc  stm32f1xx_hal_rcc.o [1]
HAL_RCC_OscConfig        0x800'1695  0x338  Code  Gb  stm32f1xx_hal_rcc.o [1]
HAL_SPI_Init             0x800'107d   0xb8  Code  Gb  stm32f1xx_hal_spi.o [1]
HAL_SPI_MspInit          0x800'1457   0x6e  Code  Gb  stm32f1xx_hal_msp.o [1]
HAL_SPI_TransmitReceive
                         0x800'1135  0x1fe  Code  Gb  stm32f1xx_hal_spi.o [1]
HAL_SYSTICK_Config       0x800'1679    0x2  Code  Gb  stm32f1xx_hal_cortex.o [1]
HAL_TIMEx_BreakCallback
                         0x800'22c9    0x2  Code  Wk  stm32f1xx_hal_tim_ex.o [1]
HAL_TIMEx_CommutCallback
                         0x800'22cd    0x2  Code  Wk  stm32f1xx_hal_tim_ex.o [1]
HAL_TIMEx_MasterConfigSynchronization
                         0x800'2461   0x64  Code  Gb  stm32f1xx_hal_tim_ex.o [1]
HAL_TIM_Base_Init        0x800'1c01   0x44  Code  Gb  stm32f1xx_hal_tim.o [1]
HAL_TIM_Base_MspInit     0x800'14c5   0x34  Code  Gb  stm32f1xx_hal_msp.o [1]
HAL_TIM_Base_Start_IT    0x800'1c45   0x6c  Code  Gb  stm32f1xx_hal_tim.o [1]
HAL_TIM_ConfigClockSource
                         0x800'1e17   0xdc  Code  Gb  stm32f1xx_hal_tim.o [1]
HAL_TIM_IRQHandler       0x800'1cc5  0x152  Code  Gb  stm32f1xx_hal_tim.o [1]
HAL_TIM_PeriodElapsedCallback
                         0x800'2257    0x8  Code  Gb  main.o [1]
HAL_UART_Init            0x800'24dd   0x60  Code  Gb  stm32f1xx_hal_uart.o [1]
HAL_UART_MspInit         0x800'14f9   0x6e  Code  Gb  stm32f1xx_hal_msp.o [1]
METRO_Data              0x2000'03a8   0x78  Data  Gb  metrology.o [1]
METRO_Get_Measures       0x800'2377   0x12  Code  Gb  metroTask.o [1]
METRO_Init               0x800'22f5   0x60  Code  Gb  metroTask.o [1]
METRO_Latch_Measures     0x800'2363   0x14  Code  Gb  metroTask.o [1]
METRO_UpdateData         0x800'2389   0x54  Code  Lc  metroTask.o [1]
METRO_Update_Measures    0x800'2355    0xe  Code  Gb  metroTask.o [1]
MX_GPIO_Init             0x800'21ad   0xaa  Code  Lc  main.o [1]
MX_SPI2_Init             0x800'20cd   0x42  Code  Lc  main.o [1]
MX_TIM3_Init             0x800'210f   0x6e  Code  Lc  main.o [1]
MX_USART3_UART_Init      0x800'217d   0x30  Code  Lc  main.o [1]
Metro_ApplyConfig        0x800'2603   0x30  Code  Gb  metrology.o [1]
Metro_Com_RxBuf         0x2000'04a8   0x28  Data  Gb  metrology_hal.o [1]
Metro_Com_TxBuf         0x2000'0480   0x28  Data  Gb  metrology_hal.o [1]
Metro_Get_Data_device    0x800'2663   0x10  Code  Gb  metrology.o [1]
Metro_HAL_CalcCRC8       0x800'07eb   0x24  Code  Lc  metrology_hal.o [1]
Metro_HAL_Crc8Calc       0x800'07bd   0x2e  Code  Lc  metrology_hal.o [1]
Metro_HAL_EN_EXT_Device
                         0x800'0abd   0x18  Code  Lc  metrology_hal.o [1]
Metro_HAL_Get_Data_device
                         0x800'02e5   0x5c  Code  Gb  metrology_hal.o [1]
Metro_HAL_RxHandler      0x800'0aed   0x9a  Code  Lc  metrology_hal.o [1]
Metro_HAL_RxHandler::Cpt_char
                        0x2000'0478    0x1  Data  Lc  metrology_hal.o [1]
Metro_HAL_STPM_SYN_reset_3_pulses
                         0x800'06c9   0x36  Code  Lc  metrology_hal.o [1]
Metro_HAL_STPM_SYN_single_pulse
                         0x800'06a1   0x28  Code  Lc  metrology_hal.o [1]
Metro_HAL_SYN_EXT_Device
                         0x800'0ad5   0x18  Code  Lc  metrology_hal.o [1]
Metro_HAL_Set_Latch_device_type
                         0x800'0243   0xa2  Code  Gb  metrology_hal.o [1]
Metro_HAL_Setup          0x800'0131    0xa  Code  Gb  metrology_hal.o [1]
Metro_HAL_SpiTxStart     0x800'0c3b   0x82  Code  Lc  metrology_hal.o [1]
Metro_HAL_Spi_config     0x800'0be5   0x56  Code  Lc  metrology_hal.o [1]
Metro_HAL_Stpm_Read      0x800'093d  0x180  Code  Gb  metrology_hal.o [1]
Metro_HAL_Stpm_write     0x800'080f  0x128  Code  Gb  metrology_hal.o [1]
Metro_HAL_TxHandler      0x800'0b87   0x5e  Code  Lc  metrology_hal.o [1]
Metro_HAL_WaitMicroSecond
                         0x800'075d   0x60  Code  Lc  metrology_hal.o [1]
Metro_HAL_init_device    0x800'0167   0x9a  Code  Gb  metrology_hal.o [1]
Metro_HAL_power_up_device
                         0x800'0201   0x42  Code  Gb  metrology_hal.o [1]
Metro_HAL_read_RMS_Current
                         0x800'0663   0x3e  Code  Gb  metrology_hal.o [1]
Metro_HAL_read_RMS_Voltage
                         0x800'0621   0x42  Code  Gb  metrology_hal.o [1]
Metro_HAL_read_energy    0x800'0529   0xf2  Code  Gb  metrology_hal.o [1]
Metro_HAL_read_power     0x800'034d  0x1dc  Code  Gb  metrology_hal.o [1]
Metro_HAL_reset_transfer_context
                         0x800'06ff   0x5e  Code  Lc  metrology_hal.o [1]
Metro_Init               0x800'25c1   0x12  Code  Gb  metrology.o [1]
Metro_Read_Block_From_Device
                         0x800'265b    0x4  Code  Gb  metrology.o [1]
Metro_Read_Power         0x800'2695   0x4e  Code  Gb  metrology.o [1]
Metro_Read_RMS           0x800'2783   0x76  Code  Gb  metrology.o [1]
Metro_Read_energy        0x800'26e3   0xa0  Code  Gb  metrology.o [1]
Metro_Register_Latch_device_Config_type
                         0x800'2683   0x12  Code  Gb  metrology.o [1]
Metro_Set_Hardware_Factors
                         0x800'2633   0x28  Code  Gb  metrology.o [1]
Metro_Set_Latch_device_type
                         0x800'2673   0x10  Code  Gb  metrology.o [1]
Metro_Setup              0x800'25e5   0x1e  Code  Gb  metrology.o [1]
Metro_Write_Block_to_Device
                         0x800'265f    0x4  Code  Gb  metrology.o [1]
Metro_com_port_device    0x800'23dd   0x34  Code  Lc  metroTask.o [1]
Metro_power_up_device    0x800'25d3   0x12  Code  Gb  metrology.o [1]
Metrology_HAL_ReadBlock
                         0x800'013b   0x12  Code  Gb  metrology_hal.o [1]
Metrology_HAL_WriteBlock
                         0x800'014d   0x1a  Code  Gb  metrology_hal.o [1]
NVIC_EncodePriority      0x800'15f9   0x36  Code  Lc  stm32f1xx_hal_cortex.o [1]
RCC_Delay                0x800'1b51   0x24  Code  Lc  stm32f1xx_hal_rcc.o [1]
Region$$Table$$Base      0x800'28a0          --   Gb  - Linker created -
Region$$Table$$Limit     0x800'28c4          --   Gb  - Linker created -
SPIWrp_SendAndReceiveByte
                         0x800'0cbd   0x20  Code  Lc  metrology_hal.o [1]
SPI_EndRxTxTransaction   0x800'13f5   0x24  Code  Lc  stm32f1xx_hal_spi.o [1]
SPI_WaitFlagStateUntilTimeout
                         0x800'1333   0xc2  Code  Lc  stm32f1xx_hal_spi.o [1]
STPM_com_port            0x800'241c   0x1c  Data  Gb  metroTask.o [1]
SysTick_Config           0x800'162f   0x28  Code  Lc  stm32f1xx_hal_cortex.o [1]
SysTick_Handler          0x800'2941    0x4  Code  Gb  stm32f1xx_it.o [1]
SystemClock_Config       0x800'205f   0x6e  Code  Gb  main.o [1]
SystemCoreClock         0x2000'000c    0x4  Data  Gb  system_stm32f1xx.o [1]
SystemInit               0x800'290d    0x2  Code  Gb  system_stm32f1xx.o [1]
TIM3_IRQHandler          0x800'2945    0x6  Code  Gb  stm32f1xx_it.o [1]
TIM_Base_SetConfig       0x800'1ef3   0x82  Code  Gb  stm32f1xx_hal_tim.o [1]
TIM_ETR_SetConfig        0x800'1fe7   0x16  Code  Gb  stm32f1xx_hal_tim.o [1]
TIM_ITRx_SetConfig       0x800'1fd7   0x10  Code  Lc  stm32f1xx_hal_tim.o [1]
TIM_TI1_ConfigInputStage
                         0x800'1f8d   0x24  Code  Lc  stm32f1xx_hal_tim.o [1]
TIM_TI2_ConfigInputStage
                         0x800'1fb1   0x26  Code  Lc  stm32f1xx_hal_tim.o [1]
Tab_METRO_internal_Devices_Config
                        0x2000'0010  0x2e8  Data  Gb  metrology.o [1]
Timer_Init               0x800'225f   0x38  Code  Lc  main.o [1]
UART_SetConfig           0x800'253d   0x7a  Code  Lc  stm32f1xx_hal_uart.o [1]
__NVIC_EnableIRQ         0x800'15c9   0x16  Code  Lc  stm32f1xx_hal_cortex.o [1]
__NVIC_GetPriorityGrouping
                         0x800'15bf    0xa  Code  Lc  stm32f1xx_hal_cortex.o [1]
__NVIC_SetPriority       0x800'15df   0x1a  Code  Lc  stm32f1xx_hal_cortex.o [1]
__NVIC_SetPriorityGrouping
                         0x800'15a5   0x1a  Code  Lc  stm32f1xx_hal_cortex.o [1]
__aeabi_memcpy           0x800'0fa9         Code  Gb  ABImemcpy.o [3]
__aeabi_memcpy4          0x800'0fc9         Code  Gb  ABImemcpy.o [3]
__aeabi_memcpy8          0x800'0fc9         Code  Gb  ABImemcpy.o [3]
__aeabi_memset           0x800'0f09         Code  Gb  ABImemset.o [3]
__cmain                  0x800'28c5         Code  Gb  cmain.o [3]
__exit                   0x800'28f9   0x14  Code  Gb  exit.o [4]
__iar_Memset             0x800'0f09         Code  Gb  ABImemset.o [3]
__iar_Memset_word        0x800'0f11         Code  Gb  ABImemset.o [3]
__iar_copy_init3         0x800'104f   0x2e  Code  Gb  copy_init3.o [3]
__iar_data_init3         0x800'2879   0x28  Code  Gb  data_init.o [3]
__iar_program_start      0x800'2961         Code  Gb  cstartup_M.o [3]
__iar_zero_init3         0x800'0f6f   0x3a  Code  Gb  zero_init3.o [3]
__low_level_init         0x800'28e3    0x4  Code  Gb  low_level_init.o [2]
__vector_table           0x800'0000         Data  Gb  startup_stm32f103xe.o [1]
_call_main               0x800'28d1         Code  Gb  cmain.o [3]
_exit                    0x800'28ed         Code  Gb  cexit.o [3]
_main                    0x800'28df         Code  Gb  cmain.o [3]
exit                     0x800'28e7    0x4  Code  Gb  exit.o [2]
hspi                    0x2000'02f8   0xb0  Data  Gb  metrology_hal.o [1]
hspi2                   0x2000'0420   0x58  Data  Gb  main.o [1]
htim3                   0x2000'04d0   0x48  Data  Gb  main.o [1]
huart3                  0x2000'051c   0x48  Data  Gb  main.o [1]
main                     0x800'2005   0x5a  Code  Gb  main.o [1]
memset                   0x800'1591   0x14  Code  Gb  memset.o [3]
metroData               0x2000'0564   0x24  Data  Gb  metroTask.o [1]
metroDefault             0x800'2810   0x68  Data  Gb  metroTask.o [1]
p_Metro_Device_Config   0x2000'047c    0x4  Data  Gb  metrology_hal.o [1]
uwPrescalerValue        0x2000'0518    0x4  Data  Gb  main.o [1]
uwTick                  0x2000'0004    0x4  Data  Gb  stm32f1xx_hal.o [1]
uwTickFreq              0x2000'0000    0x1  Data  Gb  stm32f1xx_hal.o [1]
uwTickPrio              0x2000'0008    0x4  Data  Gb  stm32f1xx_hal.o [1]
waitDummyCounter        0x2000'0588    0x4  Data  Gb  metrology_hal.o [1]


[1] = C:\Users\BAZINFO\Desktop\STSW-STPM002 - Copie\EWARM\release_uart\Obj
[2] = dl7M_tln.a
[3] = rt7M_tl.a
[4] = shb_l.a

  10'716 bytes of readonly  code memory
     164 bytes of readonly  data memory
   1'933 bytes of readwrite data memory

Errors: none
Warnings: none
