###############################################################################
#
# IAR ELF Linker V8.40.2.214/W32 for ARM                  07/Mar/2024  21:00:22
# Copyright 2007-2019 IAR Systems AB.
#
#    Output file  =
#        C:\Users\BAZINFO\Desktop\STSW-STPM002 -
#        f1\EWARM\release_uart\Exe\stm32_stpm.out
#    Map file     =
#        C:\Users\BAZINFO\Desktop\STSW-STPM002 -
#        f1\EWARM\release_uart\List\stm32_stpm.map
#    Command line =
#        -f C:\Users\BAZINFO\AppData\Local\Temp\EWFE69.tmp
#        ("C:\Users\BAZINFO\Desktop\STSW-STPM002 -
#        f1\EWARM\release_uart\Obj\main.o"
#        "C:\Users\BAZINFO\Desktop\STSW-STPM002 -
#        f1\EWARM\release_uart\Obj\metrology.o"
#        "C:\Users\BAZINFO\Desktop\STSW-STPM002 -
#        f1\EWARM\release_uart\Obj\metrology_hal.o"
#        "C:\Users\BAZINFO\Desktop\STSW-STPM002 -
#        f1\EWARM\release_uart\Obj\metroTask.o"
#        "C:\Users\BAZINFO\Desktop\STSW-STPM002 -
#        f1\EWARM\release_uart\Obj\startup_stm32f103xe.o"
#        "C:\Users\BAZINFO\Desktop\STSW-STPM002 -
#        f1\EWARM\release_uart\Obj\stm32f1xx_hal.o"
#        "C:\Users\BAZINFO\Desktop\STSW-STPM002 -
#        f1\EWARM\release_uart\Obj\stm32f1xx_hal_cortex.o"
#        "C:\Users\BAZINFO\Desktop\STSW-STPM002 -
#        f1\EWARM\release_uart\Obj\stm32f1xx_hal_dma.o"
#        "C:\Users\BAZINFO\Desktop\STSW-STPM002 -
#        f1\EWARM\release_uart\Obj\stm32f1xx_hal_exti.o"
#        "C:\Users\BAZINFO\Desktop\STSW-STPM002 -
#        f1\EWARM\release_uart\Obj\stm32f1xx_hal_flash.o"
#        "C:\Users\BAZINFO\Desktop\STSW-STPM002 -
#        f1\EWARM\release_uart\Obj\stm32f1xx_hal_flash_ex.o"
#        "C:\Users\BAZINFO\Desktop\STSW-STPM002 -
#        f1\EWARM\release_uart\Obj\stm32f1xx_hal_gpio.o"
#        "C:\Users\BAZINFO\Desktop\STSW-STPM002 -
#        f1\EWARM\release_uart\Obj\stm32f1xx_hal_gpio_ex.o"
#        "C:\Users\BAZINFO\Desktop\STSW-STPM002 -
#        f1\EWARM\release_uart\Obj\stm32f1xx_hal_msp.o"
#        "C:\Users\BAZINFO\Desktop\STSW-STPM002 -
#        f1\EWARM\release_uart\Obj\stm32f1xx_hal_pwr.o"
#        "C:\Users\BAZINFO\Desktop\STSW-STPM002 -
#        f1\EWARM\release_uart\Obj\stm32f1xx_hal_rcc.o"
#        "C:\Users\BAZINFO\Desktop\STSW-STPM002 -
#        f1\EWARM\release_uart\Obj\stm32f1xx_hal_rcc_ex.o"
#        "C:\Users\BAZINFO\Desktop\STSW-STPM002 -
#        f1\EWARM\release_uart\Obj\stm32f1xx_hal_spi.o"
#        "C:\Users\BAZINFO\Desktop\STSW-STPM002 -
#        f1\EWARM\release_uart\Obj\stm32f1xx_hal_tim.o"
#        "C:\Users\BAZINFO\Desktop\STSW-STPM002 -
#        f1\EWARM\release_uart\Obj\stm32f1xx_hal_tim_ex.o"
#        "C:\Users\BAZINFO\Desktop\STSW-STPM002 -
#        f1\EWARM\release_uart\Obj\stm32f1xx_hal_uart.o"
#        "C:\Users\BAZINFO\Desktop\STSW-STPM002 -
#        f1\EWARM\release_uart\Obj\stm32f1xx_it.o"
#        "C:\Users\BAZINFO\Desktop\STSW-STPM002 -
#        f1\EWARM\release_uart\Obj\system_stm32f1xx.o" --redirect
#        _Printf=_PrintfFull --redirect _Scanf=_ScanfFull --no_out_extension -o
#        "C:\Users\BAZINFO\Desktop\STSW-STPM002 -
#        f1\EWARM\release_uart\Exe\stm32_stpm.out" --map
#        "C:\Users\BAZINFO\Desktop\STSW-STPM002 -
#        f1\EWARM\release_uart\List\stm32_stpm.map" --config
#        "C:\Users\BAZINFO\Desktop\STSW-STPM002 -
#        f1\EWARM/stm32f103xe_flash.icf" --semihosting --entry
#        __iar_program_start --vfe --text_out locale)
#
###############################################################################

*******************************************************************************
*** RUNTIME MODEL ATTRIBUTES
***

CppFlavor       = *
__SystemLibrary = DLib
__dlib_version  = 6


*******************************************************************************
*** HEAP SELECTION
***

The basic heap was selected because no calls to memory allocation
functions were found in the application outside of system library
functions, and there are calls to deallocation functions in the
application.


*******************************************************************************
*** PLACEMENT SUMMARY
***

"A0":  place at address 0x800'0000 { ro section .intvec };
"P1":  place in [from 0x800'0000 to 0x807'ffff] { ro };
define block CSTACK with size = 512, alignment = 8 { };
define block HEAP with size = 1K, alignment = 8 { };
"P2":  place in [from 0x2000'0000 to 0x2000'ffff] {
          rw, block CSTACK, block HEAP };
initialize by copy { rw };

  Section            Kind         Address    Size  Object
  -------            ----         -------    ----  ------
"A0":                                       0x130
  .intvec            ro code   0x800'0000   0x130  startup_stm32f103xe.o [1]
                             - 0x800'0130   0x130

"P1":                                      0x599e
  .text              ro code   0x800'0130  0x1794  metrology_hal.o [1]
  .text              ro code   0x800'18c4    0x66  ABImemset.o [4]
  .text              ro code   0x800'192a    0x3a  zero_init3.o [4]
  .text              ro code   0x800'1964    0xa6  ABImemcpy.o [4]
  .text              ro code   0x800'1a0a    0x1e  xencoding_8859_1.o [2]
  .text              ro code   0x800'1a28   0x1f8  stm32f1xx_hal_gpio.o [1]
  .text              ro code   0x800'1c20   0x46c  stm32f1xx_hal_spi.o [1]
  .text              ro code   0x800'208c   0x180  stm32f1xx_hal_msp.o [1]
  .text              ro code   0x800'220c     0xc  stm32f1xx_hal.o [1]
  .text              ro code   0x800'2218    0x14  memset.o [4]
  .text              ro code   0x800'222c    0x80  stm32f1xx_hal_pwr.o [1]
  .text              ro code   0x800'22ac    0xf0  stm32f1xx_hal_cortex.o [1]
  .text              ro code   0x800'239c  0x10c6  xprintffull.o [2]
  .text              ro code   0x800'3462     0xa  xsprout.o [2]
  .text              ro code   0x800'346c    0x7c  xlocale_c.o [2]
  .text              ro code   0x800'34e8    0x16  strchr.o [4]
  .rodata            const     0x800'34fe     0x2  xlocale_c.o [2]
  .text              ro code   0x800'3500    0x40  xfail_s.o [2]
  .text              ro code   0x800'3540    0x36  strlen.o [4]
  .rodata            const     0x800'3576     0x2  xlocale_c.o [2]
  .text              ro code   0x800'3578    0x58  memchr.o [4]
  .text              ro code   0x800'35d0    0x70  frexp.o [3]
  .text              ro code   0x800'3640    0x2e  DblCmpLe.o [3]
  .rodata            const     0x800'366e     0x1  xlocale_c.o [2]
  .text              ro code   0x800'3670    0x2e  DblCmpGe.o [3]
  .text              ro code   0x800'36a0   0x13a  ldexp.o [3]
  .text              ro code   0x800'37dc    0x3a  DblToS32.o [3]
  .text              ro code   0x800'3818    0x22  S32ToDbl.o [3]
  .text              ro code   0x800'383c    0xe2  DblSub.o [3]
  .text              ro code   0x800'3920   0x246  DblDiv.o [3]
  .text              ro code   0x800'3b68    0x28  DblToU32.o [3]
  .text              ro code   0x800'3b90    0x1a  U32ToDbl.o [3]
  .text              ro code   0x800'3bac   0x1a2  DblMul.o [3]
  .text              ro code   0x800'3d4e     0xa  xmbcurmax.o [2]
  .text              ro code   0x800'3d58   0x230  I64DivMod.o [4]
  .text              ro code   0x800'3f88     0x6  abort.o [2]
  .text              ro code   0x800'3f90   0x16a  DblAdd.o [3]
  .text              ro code   0x800'40fc     0x2  I64DivZer.o [4]
  .text              ro code   0x800'4100    0x14  exit.o [5]
  .text              ro code   0x800'4114   0x590  metroTask.o [1]
  .text              ro code   0x800'46a4   0x358  metrology.o [1]
  .text              ro code   0x800'49fc     0x8  abs.o [2]
  .text              ro code   0x800'4a04   0x522  stm32f1xx_hal_rcc.o [1]
  .text              ro code   0x800'4f28    0x48  stm32f1xx_hal.o [1]
  .text              ro code   0x800'4f70   0x37c  stm32f1xx_hal_tim.o [1]
  .text              ro code   0x800'52ec     0x2  stm32f1xx_hal_tim.o [1]
  .text              ro code   0x800'52ee     0x2  stm32f1xx_hal_tim.o [1]
  .text              ro code   0x800'52f0     0x2  stm32f1xx_hal_tim.o [1]
  .text              ro code   0x800'52f2     0x2  stm32f1xx_hal_tim.o [1]
  .text              ro code   0x800'52f4     0x2  stm32f1xx_hal_tim_ex.o [1]
  .text              ro code   0x800'52f6     0x2  stm32f1xx_hal_tim.o [1]
  .text              ro code   0x800'52f8     0x2  stm32f1xx_hal_tim_ex.o [1]
  .text              ro code   0x800'52fc   0x280  main.o [1]
  .text              ro code   0x800'557c    0x24  stm32f1xx_hal.o [1]
  .text              ro code   0x800'55a0    0x40  sprintf.o [2]
  .text              ro code   0x800'55e0    0x3a  ABImemset48.o [4]
  .text              ro code   0x800'561c    0x7c  stm32f1xx_hal_tim_ex.o [1]
  .text              ro code   0x800'5698    0xe4  stm32f1xx_hal_uart.o [1]
  .text              ro code   0x800'577c    0x78  lz77_init_single.o [4]
  .rodata            const     0x800'57f4    0x68  metroTask.o [1]
  .rodata            const     0x800'585c    0x38  metroTask.o [1]
  .text              ro code   0x800'5894    0x28  data_init.o [4]
  .text              ro code   0x800'58bc    0x22  fpinit_M.o [3]
  .iar.init_table    const     0x800'58e0    0x20  - Linker created -
  .text              ro code   0x800'5900    0x1e  cmain.o [4]
  .text              ro code   0x800'591e     0x4  low_level_init.o [2]
  .text              ro code   0x800'5922     0x4  exit.o [2]
  .text              ro code   0x800'5928     0xa  cexit.o [4]
  .text              ro code   0x800'5934    0x14  system_stm32f1xx.o [1]
  .text              ro code   0x800'5948    0x10  startup_stm32f103xe.o [1]
  .text              ro code   0x800'5958    0x10  stm32f1xx_hal.o [1]
  .text              ro code   0x800'5968    0x10  stm32f1xx_it.o [1]
  .text              ro code   0x800'5978     0xc  cstartup_M.o [4]
  .rodata            const     0x800'5984     0x8  system_stm32f1xx.o [1]
  .text              ro code   0x800'598c     0x4  startup_stm32f103xe.o [1]
  .text              ro code   0x800'5990     0x4  startup_stm32f103xe.o [1]
  .text              ro code   0x800'5994     0x4  startup_stm32f103xe.o [1]
  .text              ro code   0x800'5998     0x4  startup_stm32f103xe.o [1]
  .text              ro code   0x800'599c     0x4  startup_stm32f103xe.o [1]
  .text              ro code   0x800'59a0     0x4  startup_stm32f103xe.o [1]
  .text              ro code   0x800'59a4     0x4  startup_stm32f103xe.o [1]
  .text              ro code   0x800'59a8     0x4  startup_stm32f103xe.o [1]
  .text              ro code   0x800'59ac     0x4  startup_stm32f103xe.o [1]
  .text              ro code   0x800'59b0     0x4  startup_stm32f103xe.o [1]
  .text              ro code   0x800'59b4     0x4  startup_stm32f103xe.o [1]
  .text              ro code   0x800'59b8     0x4  startup_stm32f103xe.o [1]
  .text              ro code   0x800'59bc     0x4  startup_stm32f103xe.o [1]
  .text              ro code   0x800'59c0     0x4  startup_stm32f103xe.o [1]
  .text              ro code   0x800'59c4     0x4  startup_stm32f103xe.o [1]
  .text              ro code   0x800'59c8     0x4  startup_stm32f103xe.o [1]
  .text              ro code   0x800'59cc     0x4  startup_stm32f103xe.o [1]
  .text              ro code   0x800'59d0     0x4  startup_stm32f103xe.o [1]
  .text              ro code   0x800'59d4     0x4  startup_stm32f103xe.o [1]
  .text              ro code   0x800'59d8     0x4  startup_stm32f103xe.o [1]
  .text              ro code   0x800'59dc     0x4  startup_stm32f103xe.o [1]
  .text              ro code   0x800'59e0     0x4  startup_stm32f103xe.o [1]
  .text              ro code   0x800'59e4     0x4  startup_stm32f103xe.o [1]
  .text              ro code   0x800'59e8     0x4  startup_stm32f103xe.o [1]
  .text              ro code   0x800'59ec     0x4  startup_stm32f103xe.o [1]
  .text              ro code   0x800'59f0     0x4  startup_stm32f103xe.o [1]
  .text              ro code   0x800'59f4     0x4  startup_stm32f103xe.o [1]
  .text              ro code   0x800'59f8     0x4  startup_stm32f103xe.o [1]
  .text              ro code   0x800'59fc     0x4  startup_stm32f103xe.o [1]
  .text              ro code   0x800'5a00     0x4  startup_stm32f103xe.o [1]
  .text              ro code   0x800'5a04     0x4  startup_stm32f103xe.o [1]
  .text              ro code   0x800'5a08     0x4  startup_stm32f103xe.o [1]
  .text              ro code   0x800'5a0c     0x4  startup_stm32f103xe.o [1]
  .text              ro code   0x800'5a10     0x4  startup_stm32f103xe.o [1]
  .text              ro code   0x800'5a14     0x4  startup_stm32f103xe.o [1]
  .text              ro code   0x800'5a18     0x4  startup_stm32f103xe.o [1]
  .text              ro code   0x800'5a1c     0x4  startup_stm32f103xe.o [1]
  .text              ro code   0x800'5a20     0x4  startup_stm32f103xe.o [1]
  .text              ro code   0x800'5a24     0x4  startup_stm32f103xe.o [1]
  .text              ro code   0x800'5a28     0x4  startup_stm32f103xe.o [1]
  .text              ro code   0x800'5a2c     0x4  startup_stm32f103xe.o [1]
  .text              ro code   0x800'5a30     0x4  startup_stm32f103xe.o [1]
  .text              ro code   0x800'5a34     0x4  startup_stm32f103xe.o [1]
  .text              ro code   0x800'5a38     0x4  startup_stm32f103xe.o [1]
  .text              ro code   0x800'5a3c     0x4  startup_stm32f103xe.o [1]
  .text              ro code   0x800'5a40     0x4  startup_stm32f103xe.o [1]
  .text              ro code   0x800'5a44     0x4  startup_stm32f103xe.o [1]
  .text              ro code   0x800'5a48     0x4  startup_stm32f103xe.o [1]
  .text              ro code   0x800'5a4c     0x4  startup_stm32f103xe.o [1]
  .text              ro code   0x800'5a50     0x4  startup_stm32f103xe.o [1]
  .text              ro code   0x800'5a54     0x4  startup_stm32f103xe.o [1]
  .text              ro code   0x800'5a58     0x4  startup_stm32f103xe.o [1]
  .text              ro code   0x800'5a5c     0x4  startup_stm32f103xe.o [1]
  .text              ro code   0x800'5a60     0x4  startup_stm32f103xe.o [1]
  .text              ro code   0x800'5a64     0x4  startup_stm32f103xe.o [1]
  .text              ro code   0x800'5a68     0x4  startup_stm32f103xe.o [1]
  .text              ro code   0x800'5a6c     0x4  startup_stm32f103xe.o [1]
  .text              ro code   0x800'5a70     0x4  startup_stm32f103xe.o [1]
  .text              ro code   0x800'5a74     0x4  startup_stm32f103xe.o [1]
  .text              ro code   0x800'5a78     0x4  startup_stm32f103xe.o [1]
  .text              ro code   0x800'5a7c     0x4  startup_stm32f103xe.o [1]
  .text              ro code   0x800'5a80     0x4  startup_stm32f103xe.o [1]
  .text              ro code   0x800'5a84     0x4  startup_stm32f103xe.o [1]
  .text              ro code   0x800'5a88     0x4  startup_stm32f103xe.o [1]
  .text              ro code   0x800'5a8c     0x4  startup_stm32f103xe.o [1]
  .text              ro code   0x800'5a90     0x4  startup_stm32f103xe.o [1]
  .text              ro code   0x800'5a94     0x4  startup_stm32f103xe.o [1]
  .rodata            const     0x800'5a98     0x0  zero_init3.o [4]
  .rodata            const     0x800'5a98     0x0  lz77_init_single.o [4]
  Initializer bytes  const     0x800'5a98    0x36  <for P2-1>
                             - 0x800'5ace  0x599e

"P2", part 1 of 3:                           0x90
  P2-1                        0x2000'0000    0x90  <Init block>
    .data            inited   0x2000'0000     0xc  stm32f1xx_hal.o [1]
    .data            inited   0x2000'000c     0x4  system_stm32f1xx.o [1]
    .data            inited   0x2000'0010    0x38  xlocale_c.o [2]
    .data            inited   0x2000'0048    0x48  xlocale_c.o [2]
                            - 0x2000'0090    0x90

"P2", part 2 of 3:                          0x904
  .bss               zero     0x2000'0090   0x45c  metrology.o [1]
  .bss               zero     0x2000'04ec     0x4  metrology_hal.o [1]
  .bss               zero     0x2000'04f0   0x149  main.o [1]
  .bss               zero     0x2000'0639     0x1  metrology_hal.o [1]
  .bss               zero     0x2000'063c   0x108  metrology_hal.o [1]
  .bss               zero     0x2000'0744    0x90  metroTask.o [1]
  .bss               zero     0x2000'07d4    0x78  metrology.o [1]
  .bss               zero     0x2000'084c    0x58  main.o [1]
  .bss               zero     0x2000'08a4    0x58  metrology_hal.o [1]
  .bss               zero     0x2000'08fc    0x48  main.o [1]
  .bss               zero     0x2000'0944    0x48  main.o [1]
  .bss               zero     0x2000'098c     0x4  metroTask.o [1]
  .bss               zero     0x2000'0990     0x4  xfail_s.o [2]
                            - 0x2000'0994   0x904

"P2", part 3 of 3:                          0x200
  CSTACK                      0x2000'0998   0x200  <Block>
    CSTACK           uninit   0x2000'0998   0x200  <Block tail>
                            - 0x2000'0b98   0x200

Unused ranges:

         From           To      Size
         ----           --      ----
   0x800'5ace   0x807'ffff  0x7'a532
  0x2000'0994  0x2000'0997       0x4
  0x2000'0b98  0x2000'ffff    0xf468


*******************************************************************************
*** INIT TABLE
***

          Address      Size
          -------      ----
Zero (__iar_zero_init3)
    1 destination range, total size 0x904:
          0x2000'0090  0x904

Copy/lz77 (__iar_lz77_init_single3)
    1 source range, total size 0x36 (37% of destination):
           0x800'5a98   0x36
    1 destination range, total size 0x90:
          0x2000'0000   0x90



*******************************************************************************
*** MODULE SUMMARY
***

    Module                  ro code  ro data  rw data
    ------                  -------  -------  -------
command line/config:
    -------------------------------------------------
    Total:

C:\Users\BAZINFO\Desktop\STSW-STPM002 -  f1\EWARM\release_uart\Obj: [1]
    main.o                      640               561
    metroTask.o               1'424      160      148
    metrology.o                 856             1'236
    metrology_hal.o           6'036               357
    startup_stm32f103xe.o       588
    stm32f1xx_hal.o             136        4       12
    stm32f1xx_hal_cortex.o      240
    stm32f1xx_hal_gpio.o        504
    stm32f1xx_hal_msp.o         384
    stm32f1xx_hal_pwr.o         128
    stm32f1xx_hal_rcc.o       1'314
    stm32f1xx_hal_spi.o       1'132
    stm32f1xx_hal_tim.o         902
    stm32f1xx_hal_tim_ex.o      128
    stm32f1xx_hal_uart.o        228
    stm32f1xx_it.o               16
    system_stm32f1xx.o           20       10        4
    -------------------------------------------------
    Total:                   14'676      174    2'318

dl7M_tlf.a: [2]
    abort.o                       6
    abs.o                         8
    exit.o                        4
    low_level_init.o              4
    sprintf.o                    64
    xencoding_8859_1.o           30
    xfail_s.o                    64                 4
    xlocale_c.o                 124       53      128
    xmbcurmax.o                  10
    xprintffull.o             4'294
    xsprout.o                    10
    -------------------------------------------------
    Total:                    4'618       53      132

m7M_tls.a: [3]
    DblAdd.o                    362
    DblCmpGe.o                   46
    DblCmpLe.o                   46
    DblDiv.o                    582
    DblMul.o                    418
    DblSub.o                    226
    DblToS32.o                   58
    DblToU32.o                   40
    S32ToDbl.o                   34
    U32ToDbl.o                   26
    fpinit_M.o                   34
    frexp.o                     112
    ldexp.o                     314
    -------------------------------------------------
    Total:                    2'298

rt7M_tl.a: [4]
    ABImemcpy.o                 166
    ABImemset.o                 102
    ABImemset48.o                58
    I64DivMod.o                 560
    I64DivZer.o                   2
    cexit.o                      10
    cmain.o                      30
    cstartup_M.o                 12
    data_init.o                  40
    lz77_init_single.o          120
    memchr.o                     88
    memset.o                     20
    strchr.o                     22
    strlen.o                     54
    zero_init3.o                 58
    -------------------------------------------------
    Total:                    1'342

shb_l.a: [5]
    exit.o                       20
    -------------------------------------------------
    Total:                       20

    Gaps                         31        2        2
    Linker created                        32      512
-----------------------------------------------------
    Grand Total:             22'985      261    2'964


*******************************************************************************
*** ENTRY LIST
***

Entry                       Address   Size  Type      Object
-----                       -------   ----  ----      ------
.iar.init_table$$Base    0x800'58e0          --   Gb  - Linker created -
.iar.init_table$$Limit   0x800'5900          --   Gb  - Linker created -
?main                    0x800'5901         Code  Gb  cmain.o [4]
ACC_init                 0x800'43b9    0xe  Code  Gb  metroTask.o [1]
ACC_routine              0x800'43c7   0x7c  Code  Gb  metroTask.o [1]
AHBPrescTable            0x800'5938   0x10  Data  Gb  system_stm32f1xx.o [1]
APBPrescTable            0x800'5984    0x8  Data  Gb  system_stm32f1xx.o [1]
CFac_current             0x800'467d    0x6  Code  Gb  metroTask.o [1]
CRC_u8Checksum          0x2000'0639    0x1  Data  Lc  metrology_hal.o [1]
CSTACK$$Base            0x2000'0998          --   Gb  - Linker created -
CSTACK$$Limit           0x2000'0b98          --   Gb  - Linker created -
CacheMore                0x800'3471   0x28  Code  Lc  xlocale_c.o [2]
Error_Handler            0x800'5579    0x4  Code  Gb  main.o [1]
HAL_GPIO_Init            0x800'1a29  0x1ae  Code  Gb  stm32f1xx_hal_gpio.o [1]
HAL_GPIO_WritePin        0x800'1bd7    0xe  Code  Gb  stm32f1xx_hal_gpio.o [1]
HAL_GetTick              0x800'220d    0xc  Code  Wk  stm32f1xx_hal.o [1]
HAL_IncTick              0x800'5959   0x10  Code  Wk  stm32f1xx_hal.o [1]
HAL_Init                 0x800'557d   0x20  Code  Gb  stm32f1xx_hal.o [1]
HAL_InitTick             0x800'4f29   0x48  Code  Wk  stm32f1xx_hal.o [1]
HAL_MspInit              0x800'208d   0x52  Code  Gb  stm32f1xx_hal_msp.o [1]
HAL_NVIC_EnableIRQ       0x800'237f    0x2  Code  Gb  stm32f1xx_hal_cortex.o [1]
HAL_NVIC_SetPriority     0x800'2361   0x1e  Code  Gb  stm32f1xx_hal_cortex.o [1]
HAL_NVIC_SetPriorityGrouping
                         0x800'235f    0x2  Code  Gb  stm32f1xx_hal_cortex.o [1]
HAL_PWR_ConfigPVD        0x800'222d   0x6a  Code  Gb  stm32f1xx_hal_pwr.o [1]
HAL_PWR_EnablePVD        0x800'2297    0x8  Code  Gb  stm32f1xx_hal_pwr.o [1]
HAL_RCC_ClockConfig      0x800'4d3d  0x11a  Code  Gb  stm32f1xx_hal_rcc.o [1]
HAL_RCC_GetHCLKFreq      0x800'4e8f    0x6  Code  Gb  stm32f1xx_hal_rcc.o [1]
HAL_RCC_GetPCLK1Freq     0x800'4e95   0x16  Code  Gb  stm32f1xx_hal_rcc.o [1]
HAL_RCC_GetPCLK2Freq     0x800'4eab   0x16  Code  Gb  stm32f1xx_hal_rcc.o [1]
HAL_RCC_GetSysClockFreq
                         0x800'4e59   0x36  Code  Gb  stm32f1xx_hal_rcc.o [1]
HAL_RCC_GetSysClockFreq::aPLLMULFactorTable
                         0x800'4f14   0x10  Data  Lc  stm32f1xx_hal_rcc.o [1]
HAL_RCC_GetSysClockFreq::aPredivFactorTable
                         0x800'4f24    0x2  Data  Lc  stm32f1xx_hal_rcc.o [1]
HAL_RCC_OscConfig        0x800'4a05  0x338  Code  Gb  stm32f1xx_hal_rcc.o [1]
HAL_SPI_Init             0x800'1c21   0xc4  Code  Gb  stm32f1xx_hal_spi.o [1]
HAL_SPI_MspInit          0x800'20df   0x6e  Code  Gb  stm32f1xx_hal_msp.o [1]
HAL_SPI_TransmitReceive
                         0x800'1ce5  0x2ba  Code  Gb  stm32f1xx_hal_spi.o [1]
HAL_SYSTICK_Config       0x800'2381    0x2  Code  Gb  stm32f1xx_hal_cortex.o [1]
HAL_TIMEx_BreakCallback
                         0x800'52f5    0x2  Code  Wk  stm32f1xx_hal_tim_ex.o [1]
HAL_TIMEx_CommutCallback
                         0x800'52f9    0x2  Code  Wk  stm32f1xx_hal_tim_ex.o [1]
HAL_TIMEx_MasterConfigSynchronization
                         0x800'561d   0x64  Code  Gb  stm32f1xx_hal_tim_ex.o [1]
HAL_TIM_Base_Init        0x800'4f71   0x44  Code  Gb  stm32f1xx_hal_tim.o [1]
HAL_TIM_Base_MspInit     0x800'214d   0x34  Code  Gb  stm32f1xx_hal_msp.o [1]
HAL_TIM_ConfigClockSource
                         0x800'5107   0xdc  Code  Gb  stm32f1xx_hal_tim.o [1]
HAL_TIM_IRQHandler       0x800'4fb5  0x152  Code  Gb  stm32f1xx_hal_tim.o [1]
HAL_UART_Init            0x800'5699   0x60  Code  Gb  stm32f1xx_hal_uart.o [1]
HAL_UART_MspInit         0x800'2181   0x6e  Code  Gb  stm32f1xx_hal_msp.o [1]
METRO_Data              0x2000'07d4   0x78  Data  Gb  metrology.o [1]
METRO_Get_Measures       0x800'41bd   0x2e  Code  Gb  metroTask.o [1]
METRO_Init               0x800'4115   0x78  Code  Gb  metroTask.o [1]
METRO_Latch_Measures     0x800'418f   0x2e  Code  Gb  metroTask.o [1]
METRO_UpdateData         0x800'41eb   0xae  Code  Lc  metroTask.o [1]
METRO_Update_Measures    0x800'418d    0x2  Code  Gb  metroTask.o [1]
MX_GPIO_Init             0x800'54a1   0xaa  Code  Lc  main.o [1]
MX_SPI2_Init             0x800'53bd   0x46  Code  Lc  main.o [1]
MX_TIM3_Init             0x800'5403   0x6e  Code  Lc  main.o [1]
MX_USART3_UART_Init      0x800'5471   0x30  Code  Lc  main.o [1]
Metro_ApplyConfig        0x800'472f   0x76  Code  Gb  metrology.o [1]
Metro_Com_RxBuf         0x2000'08d4   0x28  Data  Gb  metrology_hal.o [1]
Metro_Com_TxBuf         0x2000'08ac   0x28  Data  Gb  metrology_hal.o [1]
Metro_Get_Data_device    0x800'4817   0x10  Code  Gb  metrology.o [1]
Metro_HAL_CSS_EXT_Device
                         0x800'1659   0x1a  Code  Lc  metrology_hal.o [1]
Metro_HAL_CalcCRC8       0x800'1395   0x24  Code  Lc  metrology_hal.o [1]
Metro_HAL_Crc8Calc       0x800'1367   0x2e  Code  Lc  metrology_hal.o [1]
Metro_HAL_EN_EXT_Device
                         0x800'1673   0x1a  Code  Lc  metrology_hal.o [1]
Metro_HAL_Get_Data_device
                         0x800'02c7   0x5e  Code  Gb  metrology_hal.o [1]
Metro_HAL_Read_Live_Event_from_Channel
                         0x800'0625  0x47c  Code  Gb  metrology_hal.o [1]
Metro_HAL_Read_Status_from_Channel
                         0x800'0aa5  0x570  Code  Gb  metrology_hal.o [1]
Metro_HAL_RxHandler      0x800'16a7   0x9c  Code  Lc  metrology_hal.o [1]
Metro_HAL_RxHandler::Cpt_char
                        0x2000'08a4    0x1  Data  Lc  metrology_hal.o [1]
Metro_HAL_STPM_SYN_reset_3_pulses
                         0x800'1271   0x36  Code  Lc  metrology_hal.o [1]
Metro_HAL_STPM_SYN_single_pulse
                         0x800'1249   0x28  Code  Lc  metrology_hal.o [1]
Metro_HAL_SYN_EXT_Device
                         0x800'168d   0x1a  Code  Lc  metrology_hal.o [1]
Metro_HAL_Set_Latch_device_type
                         0x800'0221   0xa6  Code  Gb  metrology_hal.o [1]
Metro_HAL_Setup          0x800'0131    0xa  Code  Gb  metrology_hal.o [1]
Metro_HAL_SpiTxStart     0x800'17fd   0x84  Code  Lc  metrology_hal.o [1]
Metro_HAL_Spi_config     0x800'17a3   0x5a  Code  Lc  metrology_hal.o [1]
Metro_HAL_Stpm_Read      0x800'14e1  0x178  Code  Gb  metrology_hal.o [1]
Metro_HAL_Stpm_write     0x800'13b9  0x122  Code  Gb  metrology_hal.o [1]
Metro_HAL_TxHandler      0x800'1743   0x60  Code  Lc  metrology_hal.o [1]
Metro_HAL_WaitMicroSecond
                         0x800'1307   0x60  Code  Lc  metrology_hal.o [1]
Metro_HAL_init_device    0x800'0167   0x80  Code  Gb  metrology_hal.o [1]
Metro_HAL_power_up_device
                         0x800'01e7   0x3a  Code  Gb  metrology_hal.o [1]
Metro_HAL_read_Momentary_Current
                         0x800'11bb   0x8e  Code  Gb  metrology_hal.o [1]
Metro_HAL_read_Momentary_Voltage
                         0x800'112d   0x8e  Code  Gb  metrology_hal.o [1]
Metro_HAL_read_PHI       0x800'10a1   0x46  Code  Gb  metrology_hal.o [1]
Metro_HAL_read_RMS_Current
                         0x800'105f   0x42  Code  Gb  metrology_hal.o [1]
Metro_HAL_read_RMS_Voltage
                         0x800'1019   0x46  Code  Gb  metrology_hal.o [1]
Metro_HAL_read_energy    0x800'0521  0x104  Code  Gb  metrology_hal.o [1]
Metro_HAL_read_period    0x800'10e7   0x46  Code  Gb  metrology_hal.o [1]
Metro_HAL_read_power     0x800'0329  0x1f8  Code  Gb  metrology_hal.o [1]
Metro_HAL_reset_transfer_context
                         0x800'12a7   0x60  Code  Lc  metrology_hal.o [1]
Metro_Init               0x800'46a5   0x2c  Code  Gb  metrology.o [1]
Metro_Read_Block_From_Device
                         0x800'480f    0x4  Code  Gb  metrology.o [1]
Metro_Read_Period        0x800'484b   0x10  Code  Gb  metrology.o [1]
Metro_Read_Power         0x800'485b   0x5c  Code  Gb  metrology.o [1]
Metro_Read_RMS           0x800'4965   0x7c  Code  Gb  metrology.o [1]
Metro_Read_energy        0x800'48b7   0xae  Code  Gb  metrology.o [1]
Metro_Register_Latch_device_Config_type
                         0x800'4837   0x14  Code  Gb  metrology.o [1]
Metro_Set_Hardware_Factors
                         0x800'47a5   0x6a  Code  Gb  metrology.o [1]
Metro_Set_Latch_device_type
                         0x800'4827   0x10  Code  Gb  metrology.o [1]
Metro_Setup              0x800'46fb   0x34  Code  Gb  metrology.o [1]
Metro_Write_Block_to_Device
                         0x800'4813    0x4  Code  Gb  metrology.o [1]
Metro_com_port_device    0x800'4299   0x38  Code  Lc  metroTask.o [1]
Metro_power_up_device    0x800'46d1   0x2a  Code  Gb  metrology.o [1]
Metrology_HAL_ReadBlock
                         0x800'013b   0x12  Code  Gb  metrology_hal.o [1]
Metrology_HAL_WriteBlock
                         0x800'014d   0x1a  Code  Gb  metrology_hal.o [1]
NVIC_EncodePriority      0x800'2301   0x36  Code  Lc  stm32f1xx_hal_cortex.o [1]
RCC_Delay                0x800'4ec1   0x24  Code  Lc  stm32f1xx_hal_rcc.o [1]
Region$$Table$$Base      0x800'58e0          --   Gb  - Linker created -
Region$$Table$$Limit     0x800'5900          --   Gb  - Linker created -
SPIWrp_SendAndReceiveByte
                         0x800'1881   0x22  Code  Lc  metrology_hal.o [1]
SPI_EndRxTxTransaction   0x800'2061   0x24  Code  Lc  stm32f1xx_hal_spi.o [1]
SPI_ISCRCErrorValid      0x800'2089    0x4  Code  Gb  stm32f1xx_hal_spi.o [1]
SPI_WaitFlagStateUntilTimeout
                         0x800'1f9f   0xc2  Code  Lc  stm32f1xx_hal_spi.o [1]
STPM_com_port            0x800'585c   0x38  Data  Gb  metroTask.o [1]
SysTick_Config           0x800'2337   0x28  Code  Lc  stm32f1xx_hal_cortex.o [1]
SysTick_Handler          0x800'5969    0x4  Code  Gb  stm32f1xx_it.o [1]
SystemClock_Config       0x800'534f   0x6e  Code  Gb  main.o [1]
SystemCoreClock         0x2000'000c    0x4  Data  Gb  system_stm32f1xx.o [1]
SystemInit               0x800'5935    0x2  Code  Gb  system_stm32f1xx.o [1]
TIM3_IRQHandler          0x800'596d    0x6  Code  Gb  stm32f1xx_it.o [1]
TIM_Base_SetConfig       0x800'51e3   0x82  Code  Gb  stm32f1xx_hal_tim.o [1]
TIM_ETR_SetConfig        0x800'52d7   0x16  Code  Gb  stm32f1xx_hal_tim.o [1]
TIM_ITRx_SetConfig       0x800'52c7   0x10  Code  Lc  stm32f1xx_hal_tim.o [1]
TIM_TI1_ConfigInputStage
                         0x800'527d   0x24  Code  Lc  stm32f1xx_hal_tim.o [1]
TIM_TI2_ConfigInputStage
                         0x800'52a1   0x26  Code  Lc  stm32f1xx_hal_tim.o [1]
Tab_METRO_internal_Devices_Config
                        0x2000'0090  0x45c  Data  Gb  metrology.o [1]
UART_SetConfig           0x800'56f9   0x7a  Code  Lc  stm32f1xx_hal_uart.o [1]
VSCS_init                0x800'42e5   0x14  Code  Gb  metroTask.o [1]
VSCS_routine             0x800'4351   0x68  Code  Gb  metroTask.o [1]
VSC_init                 0x800'42d1   0x14  Code  Gb  metroTask.o [1]
VSC_routine              0x800'42f9   0x58  Code  Gb  metroTask.o [1]
WA_init                  0x800'4443   0x80  Code  Gb  metroTask.o [1]
WA_routine               0x800'44c3  0x1b8  Code  Gb  metroTask.o [1]
_Encoding_8859_1_Mbrlen
                         0x800'1a1d    0x2  Code  Gb  xencoding_8859_1.o [2]
_Encoding_8859_1_Wctomb
                         0x800'1a0b   0x12  Code  Gb  xencoding_8859_1.o [2]
_LitobFull               0x800'32af  0x10a  Code  Lc  xprintffull.o [2]
_Locale_lconv           0x2000'0010   0x38  Data  Lc  xlocale_c.o [2]
_PrintfFull              0x800'239d  0xcc4  Code  Gb  xprintffull.o [2]
_PutcharsFull            0x800'3421   0x2e  Code  Lc  xprintffull.o [2]
_PutstrFull              0x800'31ef   0xc0  Code  Lc  xprintffull.o [2]
_PuttxtFull              0x800'30e3  0x10c  Code  Lc  xprintffull.o [2]
_SProut                  0x800'3463    0xa  Code  Gb  xsprout.o [2]
__NVIC_EnableIRQ         0x800'22d1   0x16  Code  Lc  stm32f1xx_hal_cortex.o [1]
__NVIC_GetPriorityGrouping
                         0x800'22c7    0xa  Code  Lc  stm32f1xx_hal_cortex.o [1]
__NVIC_SetPriority       0x800'22e7   0x1a  Code  Lc  stm32f1xx_hal_cortex.o [1]
__NVIC_SetPriorityGrouping
                         0x800'22ad   0x1a  Code  Lc  stm32f1xx_hal_cortex.o [1]
__aeabi_cdcmple          0x800'3641         Code  Gb  DblCmpLe.o [3]
__aeabi_cdrcmple         0x800'3671         Code  Gb  DblCmpGe.o [3]
__aeabi_d2iz             0x800'37dd         Code  Gb  DblToS32.o [3]
__aeabi_d2uiz            0x800'3b69         Code  Gb  DblToU32.o [3]
__aeabi_ddiv             0x800'3921         Code  Gb  DblDiv.o [3]
__aeabi_dmul             0x800'3bad         Code  Gb  DblMul.o [3]
__aeabi_dsub             0x800'383d         Code  Gb  DblSub.o [3]
__aeabi_i2d              0x800'3819         Code  Gb  S32ToDbl.o [3]
__aeabi_ldiv0            0x800'40fd         Code  Gb  I64DivZer.o [4]
__aeabi_memcpy           0x800'1965         Code  Gb  ABImemcpy.o [4]
__aeabi_memcpy4          0x800'1985         Code  Gb  ABImemcpy.o [4]
__aeabi_memcpy8          0x800'1985         Code  Gb  ABImemcpy.o [4]
__aeabi_memset           0x800'18c5         Code  Gb  ABImemset.o [4]
__aeabi_memset4          0x800'55e1         Code  Gb  ABImemset48.o [4]
__aeabi_memset8          0x800'55e1         Code  Gb  ABImemset48.o [4]
__aeabi_ui2d             0x800'3b91         Code  Gb  U32ToDbl.o [3]
__aeabi_uldivmod         0x800'3d59         Code  Gb  I64DivMod.o [4]
__cmain                  0x800'5901         Code  Gb  cmain.o [4]
__exit                   0x800'4101   0x14  Code  Gb  exit.o [5]
__iar_Fail_s             0x800'3501   0x1c  Code  Gb  xfail_s.o [2]
__iar_Mbcurmax           0x800'3d4f    0xa  Code  Gb  xmbcurmax.o [2]
__iar_Memchr             0x800'3579         Code  Gb  memchr.o [4]
__iar_Memset             0x800'18c5         Code  Gb  ABImemset.o [4]
__iar_Memset4_word       0x800'55e9         Code  Gb  ABImemset48.o [4]
__iar_Memset8_word       0x800'55e9         Code  Gb  ABImemset48.o [4]
__iar_Memset_word        0x800'18cd         Code  Gb  ABImemset.o [4]
__iar_Strchr             0x800'34e9         Code  Gb  strchr.o [4]
__iar_dadd               0x800'384d         Code  Gb  DblSub.o [3]
__iar_data_init3         0x800'5895   0x28  Code  Gb  data_init.o [4]
__iar_dsub               0x800'3f91         Code  Gb  DblAdd.o [3]
__iar_dsubStart          0x800'3fa3         Code  Gb  DblAdd.o [3]
__iar_frexp              0x800'35dd         Code  Gb  frexp.o [3]
__iar_frexpl             0x800'35dd         Code  Gb  frexp.o [3]
__iar_globLocale        0x2000'0048   0x48  Data  Lc  xlocale_c.o [2]
__iar_global_Locale      0x800'346d    0x4  Code  Gb  xlocale_c.o [2]
__iar_init_vfp           0x800'58bd         Code  Gb  fpinit_M.o [3]
__iar_ldexp64            0x800'36a1         Code  Gb  ldexp.o [3]
__iar_lz77_init_single3
                         0x800'577d   0x78  Code  Gb  lz77_init_single.o [4]
__iar_program_start      0x800'5979         Code  Gb  cstartup_M.o [4]
__iar_scalbln64          0x800'36a1         Code  Gb  ldexp.o [3]
__iar_scalbn64           0x800'36a1         Code  Gb  ldexp.o [3]
__iar_softfp___iar_frexp64
                         0x800'35d1         Code  Gb  frexp.o [3]
__iar_softfp_frexp       0x800'35d1         Code  Gb  frexp.o [3]
__iar_softfp_frexpl      0x800'35d1         Code  Gb  frexp.o [3]
__iar_zero_init3         0x800'192b   0x3a  Code  Gb  zero_init3.o [4]
__low_level_init         0x800'591f    0x4  Code  Gb  low_level_init.o [2]
__vector_table           0x800'0000         Data  Gb  startup_stm32f103xe.o [1]
_call_main               0x800'590d         Code  Gb  cmain.o [4]
_exit                    0x800'5929         Code  Gb  cexit.o [4]
_gLocale_mblen           0x800'34d5    0x4  Code  Gb  xlocale_c.o [2]
_gLocale_mblenInt        0x800'3499   0x2c  Code  Gb  xlocale_c.o [2]
_gLocale_wctomb          0x800'34d9    0x4  Code  Gb  xlocale_c.o [2]
_gLocale_wctombInt       0x800'34d1    0x4  Code  Gb  xlocale_c.o [2]
_main                    0x800'591b         Code  Gb  cmain.o [4]
abort                    0x800'3f89    0x6  Code  Gb  abort.o [2]
abs                      0x800'49fd    0x8  Code  Gb  abs.o [2]
exit                     0x800'5923    0x4  Code  Gb  exit.o [2]
hspi                    0x2000'063c  0x108  Data  Gb  metrology_hal.o [1]
hspi2                   0x2000'084c   0x58  Data  Gb  main.o [1]
htim3                   0x2000'08fc   0x48  Data  Gb  main.o [1]
huart3                  0x2000'0944   0x48  Data  Gb  main.o [1]
ldexp                    0x800'36a1         Code  Gb  ldexp.o [3]
ldexpl                   0x800'36a1         Code  Gb  ldexp.o [3]
localeconv               0x800'34dd    0x4  Code  Gb  xlocale_c.o [2]
main                     0x800'52fd   0x52  Code  Gb  main.o [1]
memchr                   0x800'3579         Code  Gb  memchr.o [4]
memset                   0x800'2219   0x14  Code  Gb  memset.o [4]
metroData               0x2000'0744   0x90  Data  Gb  metroTask.o [1]
metroDefault             0x800'57f4   0x68  Data  Gb  metroTask.o [1]
overflow_count          0x2000'098c    0x4  Data  Gb  metroTask.o [1]
p_Metro_Device_Config   0x2000'08a8    0x4  Data  Gb  metrology_hal.o [1]
ph_one                  0x2000'04f0  0x148  Data  Gb  main.o [1]
scalbln                  0x800'36a1         Code  Gb  ldexp.o [3]
scalblnl                 0x800'36a1         Code  Gb  ldexp.o [3]
scalbn                   0x800'36a1         Code  Gb  ldexp.o [3]
scalbnl                  0x800'36a1         Code  Gb  ldexp.o [3]
scale                    0x800'33b9   0x46  Code  Lc  xprintffull.o [2]
sec_hand                0x2000'0990    0x4  Data  Lc  xfail_s.o [2]
sprintf                  0x800'55a1   0x40  Code  Gb  sprintf.o [2]
strchr                   0x800'34e9         Code  Gb  strchr.o [4]
strlen                   0x800'3541         Code  Gb  strlen.o [4]
txbuf                   0x2000'0638    0x1  Data  Gb  main.o [1]
uwTick                  0x2000'0004    0x4  Data  Gb  stm32f1xx_hal.o [1]
uwTickFreq              0x2000'0000    0x1  Data  Gb  stm32f1xx_hal.o [1]
uwTickPrio              0x2000'0008    0x4  Data  Gb  stm32f1xx_hal.o [1]
waitDummyCounter        0x2000'04ec    0x4  Data  Gb  metrology_hal.o [1]


[1] = C:\Users\BAZINFO\Desktop\STSW-STPM002 -  f1\EWARM\release_uart\Obj
[2] = dl7M_tlf.a
[3] = m7M_tls.a
[4] = rt7M_tl.a
[5] = shb_l.a

  22'985 bytes of readonly  code memory
     261 bytes of readonly  data memory
   2'964 bytes of readwrite data memory

Errors: none
Warnings: none
