###############################################################################
#
# IAR ELF Linker V9.32.2.340/W64 for ARM                  22/Aug/2023  18:01:33
# Copyright 2007-2023 IAR Systems AB.
#
#    Output file  =  C:\stage_ingénieur\g4test\EWARM\g4test\Exe\g4test.out
#    Map file     =  C:\stage_ingénieur\g4test\EWARM\g4test\List\g4test.map
#    Command line =
#        -f C:\stage_ingénieur\g4test\EWARM\g4test\Exe\g4test.out.rsp
#        (C:\stage_ingénieur\g4test\EWARM\g4test\Obj\Application\User\Core\main.o
#        C:\stage_ingénieur\g4test\EWARM\g4test\Obj\Metrology\Drivers\metrology.o
#        C:\stage_ingénieur\g4test\EWARM\g4test\Obj\Metrology\Drivers\metrology_hal.o
#        C:\stage_ingénieur\g4test\EWARM\g4test\Obj\Metrology\Tasks\metroTask.o
#        C:\stage_ingénieur\g4test\EWARM\g4test\Obj\Application\EWARM\startup_stm32g431xx.o
#        C:\stage_ingénieur\g4test\EWARM\g4test\Obj\Drivers\STM32G4xx_HAL_Driver\stm32g4xx_hal.o
#        C:\stage_ingénieur\g4test\EWARM\g4test\Obj\Drivers\STM32G4xx_HAL_Driver\stm32g4xx_hal_cortex.o
#        C:\stage_ingénieur\g4test\EWARM\g4test\Obj\Drivers\STM32G4xx_HAL_Driver\stm32g4xx_hal_dma.o
#        C:\stage_ingénieur\g4test\EWARM\g4test\Obj\Drivers\STM32G4xx_HAL_Driver\stm32g4xx_hal_dma_ex.o
#        C:\stage_ingénieur\g4test\EWARM\g4test\Obj\Drivers\STM32G4xx_HAL_Driver\stm32g4xx_hal_exti.o
#        C:\stage_ingénieur\g4test\EWARM\g4test\Obj\Drivers\STM32G4xx_HAL_Driver\stm32g4xx_hal_flash.o
#        C:\stage_ingénieur\g4test\EWARM\g4test\Obj\Drivers\STM32G4xx_HAL_Driver\stm32g4xx_hal_flash_ex.o
#        C:\stage_ingénieur\g4test\EWARM\g4test\Obj\Drivers\STM32G4xx_HAL_Driver\stm32g4xx_hal_flash_ramfunc.o
#        C:\stage_ingénieur\g4test\EWARM\g4test\Obj\Drivers\STM32G4xx_HAL_Driver\stm32g4xx_hal_gpio.o
#        C:\stage_ingénieur\g4test\EWARM\g4test\Obj\Application\User\Core\stm32g4xx_hal_msp.o
#        C:\stage_ingénieur\g4test\EWARM\g4test\Obj\Drivers\STM32G4xx_HAL_Driver\stm32g4xx_hal_pwr.o
#        C:\stage_ingénieur\g4test\EWARM\g4test\Obj\Drivers\STM32G4xx_HAL_Driver\stm32g4xx_hal_pwr_ex.o
#        C:\stage_ingénieur\g4test\EWARM\g4test\Obj\Drivers\STM32G4xx_HAL_Driver\stm32g4xx_hal_rcc.o
#        C:\stage_ingénieur\g4test\EWARM\g4test\Obj\Drivers\STM32G4xx_HAL_Driver\stm32g4xx_hal_rcc_ex.o
#        C:\stage_ingénieur\g4test\EWARM\g4test\Obj\Drivers\STM32G4xx_HAL_Driver\stm32g4xx_hal_spi.o
#        C:\stage_ingénieur\g4test\EWARM\g4test\Obj\Drivers\STM32G4xx_HAL_Driver\stm32g4xx_hal_spi_ex.o
#        C:\stage_ingénieur\g4test\EWARM\g4test\Obj\Drivers\STM32G4xx_HAL_Driver\stm32g4xx_hal_tim.o
#        C:\stage_ingénieur\g4test\EWARM\g4test\Obj\Drivers\STM32G4xx_HAL_Driver\stm32g4xx_hal_tim_ex.o
#        C:\stage_ingénieur\g4test\EWARM\g4test\Obj\Drivers\STM32G4xx_HAL_Driver\stm32g4xx_hal_uart.o
#        C:\stage_ingénieur\g4test\EWARM\g4test\Obj\Drivers\STM32G4xx_HAL_Driver\stm32g4xx_hal_uart_ex.o
#        C:\stage_ingénieur\g4test\EWARM\g4test\Obj\Application\User\Core\stm32g4xx_it.o
#        C:\stage_ingénieur\g4test\EWARM\g4test\Obj\Drivers\CMSIS\system_stm32g4xx.o
#        --no_out_extension -o
#        C:\stage_ingénieur\g4test\EWARM\g4test\Exe\g4test.out --redirect
#        _Printf=_PrintfFullNoMb --redirect _Scanf=_ScanfFullNoMb --map
#        C:\stage_ingénieur\g4test\EWARM\g4test\List\g4test.map --config
#        C:\stage_ingénieur\g4test\EWARM/stm32g431xx_flash.icf --semihosting
#        --entry __iar_program_start --vfe --text_out locale --cpu=Cortex-M4
#        --fpu=VFPv4_sp)
#
###############################################################################

*******************************************************************************
*** RUNTIME MODEL ATTRIBUTES
***

CppFlavor       = *
__CPP_Runtime   = 1
__SystemLibrary = DLib
__dlib_version  = 6


*******************************************************************************
*** HEAP SELECTION
***

The basic heap was selected because --advanced_heap
was not specified and the application did not appear to
be primarily optimized for speed.


*******************************************************************************
*** PLACEMENT SUMMARY
***

"A0":  place at address 0x800'0000 { ro section .intvec };
"P1":  place in [from 0x800'0000 to 0x801'ffff] { ro };
define block CSTACK with size = 1K, alignment = 8 { };
define block HEAP with size = 512, alignment = 8 { };
"P2":  place in [from 0x2000'0000 to 0x2000'7fff] {
          rw, block CSTACK, block HEAP };
initialize by copy { rw };

  Section            Kind         Address    Size  Object
  -------            ----         -------    ----  ------
"A0":                                       0x1d8
  .intvec            ro code   0x800'0000   0x1d8  startup_stm32g431xx.o [1]
                             - 0x800'01d8   0x1d8

"P1":                                      0x5878
  .text              ro code   0x800'01d8   0xeca  xprintffull_nomb.o [7]
  .text              ro code   0x800'10a2    0x2a  copy_init3.o [9]
  .text              ro code   0x800'10cc    0x16  strchr.o [9]
  .text              ro code   0x800'10e2     0xa  xsprout.o [7]
  .text              ro code   0x800'10ec    0x40  xfail_s.o [7]
  .text              ro code   0x800'112c    0x36  strlen.o [9]
  .rodata            const     0x800'1162     0x2  xlocale_c.o [7]
  .text              ro code   0x800'1164    0x58  memchr.o [9]
  .text              ro code   0x800'11bc    0x18  ABImemcpy_small.o [9]
  .text              ro code   0x800'11d4    0x70  frexp.o [8]
  .text              ro code   0x800'1244    0x34  DblCmpLe.o [8]
  .text              ro code   0x800'1278    0x34  DblCmpGe.o [8]
  .text              ro code   0x800'12ac   0x13a  ldexp.o [8]
  .rodata            const     0x800'13e6     0x1  xlocale_c.o [7]
  .text              ro code   0x800'13e8    0x36  DblToS32.o [8]
  .text              ro code   0x800'1420    0x22  S32ToDbl.o [8]
  .text              ro code   0x800'1444   0x24e  DblAddSub.o [8]
  .text              ro code   0x800'1694   0x246  DblDiv.o [8]
  .text              ro code   0x800'18dc    0x22  DblToU32.o [8]
  .text              ro code   0x800'1900    0x1c  U32ToDbl.o [8]
  .text              ro code   0x800'191c   0x1aa  DblMul.o [8]
  .text              ro code   0x800'1ac8     0x8  xlocale_c.o [7]
  .text              ro code   0x800'1ad0   0x106  I64DivMod_small.o [9]
  .text              ro code   0x800'1bd6     0x6  abort.o [7]
  .text              ro code   0x800'1bdc     0x2  I64DivZer.o [9]
  .text              ro code   0x800'1be0    0x14  exit.o [10]
  .text              ro code   0x800'1bf4   0xe3a  stm32g4xx_hal_uart.o [4]
  .text              ro code   0x800'2a30   0x144  stm32g4xx_hal_msp.o [2]
  .text              ro code   0x800'2b74     0xc  stm32g4xx_hal.o [4]
  .text              ro code   0x800'2b80    0xda  stm32g4xx_hal_dma.o [4]
  .text              ro code   0x800'2c5a     0x2  stm32g4xx_hal_uart.o [4]
  .text              ro code   0x800'2c5c     0x2  stm32g4xx_hal_uart.o [4]
  .text              ro code   0x800'2c5e     0x2  stm32g4xx_hal_uart_ex.o [4]
  .text              ro code   0x800'2c60     0x2  stm32g4xx_hal_uart.o [4]
  .text              ro code   0x800'2c62     0x2  stm32g4xx_hal_uart_ex.o [4]
  .text              ro code   0x800'2c64     0x2  stm32g4xx_hal_uart_ex.o [4]
  .text              ro code   0x800'2c68   0x630  stm32g4xx_hal_rcc.o [4]
  .text              ro code   0x800'3298   0x248  main.o [2]
  .text              ro code   0x800'34e0    0x14  memset.o [9]
  .text              ro code   0x800'34f4    0x80  stm32g4xx_hal_pwr.o [4]
  .text              ro code   0x800'3574    0xac  stm32g4xx_hal_pwr_ex.o [4]
  .text              ro code   0x800'3620   0x1e8  stm32g4xx_hal_gpio.o [4]
  .text              ro code   0x800'3808   0x228  stm32g4xx_hal_rcc_ex.o [4]
  .text              ro code   0x800'3a30    0xc4  stm32g4xx_hal_cortex.o [4]
  .text              ro code   0x800'3af4    0x44  stm32g4xx_hal.o [4]
  .text              ro code   0x800'3b38    0x1e  stm32g4xx_hal.o [4]
  .text              ro code   0x800'3b58     0x6  ABImemclr4.o [9]
  .text              ro code   0x800'3b60   0x544  stm32g4xx_hal_spi.o [4]
  .text              ro code   0x800'40a4    0xf8  stm32g4xx_hal_uart_ex.o [4]
  .text              ro code   0x800'419c   0x4a8  metroTask.o [6]
  .text              ro code   0x800'4644    0x40  sprintf.o [7]
  .text              ro code   0x800'4684    0x66  ABImemset.o [9]
  .text              ro code   0x800'46ec    0x32  ABImemset48.o [9]
  .text              ro code   0x800'4720   0x2e8  metrology.o [5]
  .text              ro code   0x800'4a08   0xce4  metrology_hal.o [5]
  .text              ro code   0x800'56ec     0x6  ABImemclr.o [9]
  .rodata            const     0x800'56f4    0xa0  metroTask.o [6]
  Initializer bytes  const     0x800'5794    0x48  <for P2-1>
  .text              ro code   0x800'57dc    0x38  zero_init3.o [9]
  .text              ro code   0x800'5814    0x28  data_init.o [9]
  .text              ro code   0x800'583c    0x22  fpinit_M.o [8]
  .iar.init_table    const     0x800'5860    0x24  - Linker created -
  .text              ro code   0x800'5884    0x20  stm32g4xx_it.o [2]
  .text              ro code   0x800'58a4    0x10  stm32g4xx_hal.o [4]
  .text              ro code   0x800'58b4    0x20  system_stm32g4xx.o [3]
  .text              ro code   0x800'58d4    0x1e  cmain.o [9]
  .text              ro code   0x800'58f2     0x4  low_level_init.o [7]
  .text              ro code   0x800'58f6     0x4  exit.o [7]
  .text              ro code   0x800'58fc     0xa  cexit.o [9]
  .text              ro code   0x800'5908    0x1c  cstartup_M.o [9]
  .text              ro code   0x800'5924    0x10  startup_stm32g431xx.o [1]
  .rodata            const     0x800'5934     0x8  system_stm32g4xx.o [3]
  .text              ro code   0x800'593c     0x4  startup_stm32g431xx.o [1]
  .text              ro code   0x800'5940     0x4  startup_stm32g431xx.o [1]
  .text              ro code   0x800'5944     0x4  startup_stm32g431xx.o [1]
  .text              ro code   0x800'5948     0x4  startup_stm32g431xx.o [1]
  .text              ro code   0x800'594c     0x4  startup_stm32g431xx.o [1]
  .text              ro code   0x800'5950     0x4  startup_stm32g431xx.o [1]
  .text              ro code   0x800'5954     0x4  startup_stm32g431xx.o [1]
  .text              ro code   0x800'5958     0x4  startup_stm32g431xx.o [1]
  .text              ro code   0x800'595c     0x4  startup_stm32g431xx.o [1]
  .text              ro code   0x800'5960     0x4  startup_stm32g431xx.o [1]
  .text              ro code   0x800'5964     0x4  startup_stm32g431xx.o [1]
  .text              ro code   0x800'5968     0x4  startup_stm32g431xx.o [1]
  .text              ro code   0x800'596c     0x4  startup_stm32g431xx.o [1]
  .text              ro code   0x800'5970     0x4  startup_stm32g431xx.o [1]
  .text              ro code   0x800'5974     0x4  startup_stm32g431xx.o [1]
  .text              ro code   0x800'5978     0x4  startup_stm32g431xx.o [1]
  .text              ro code   0x800'597c     0x4  startup_stm32g431xx.o [1]
  .text              ro code   0x800'5980     0x4  startup_stm32g431xx.o [1]
  .text              ro code   0x800'5984     0x4  startup_stm32g431xx.o [1]
  .text              ro code   0x800'5988     0x4  startup_stm32g431xx.o [1]
  .text              ro code   0x800'598c     0x4  startup_stm32g431xx.o [1]
  .text              ro code   0x800'5990     0x4  startup_stm32g431xx.o [1]
  .text              ro code   0x800'5994     0x4  startup_stm32g431xx.o [1]
  .text              ro code   0x800'5998     0x4  startup_stm32g431xx.o [1]
  .text              ro code   0x800'599c     0x4  startup_stm32g431xx.o [1]
  .text              ro code   0x800'59a0     0x4  startup_stm32g431xx.o [1]
  .text              ro code   0x800'59a4     0x4  startup_stm32g431xx.o [1]
  .text              ro code   0x800'59a8     0x4  startup_stm32g431xx.o [1]
  .text              ro code   0x800'59ac     0x4  startup_stm32g431xx.o [1]
  .text              ro code   0x800'59b0     0x4  startup_stm32g431xx.o [1]
  .text              ro code   0x800'59b4     0x4  startup_stm32g431xx.o [1]
  .text              ro code   0x800'59b8     0x4  startup_stm32g431xx.o [1]
  .text              ro code   0x800'59bc     0x4  startup_stm32g431xx.o [1]
  .text              ro code   0x800'59c0     0x4  startup_stm32g431xx.o [1]
  .text              ro code   0x800'59c4     0x4  startup_stm32g431xx.o [1]
  .text              ro code   0x800'59c8     0x4  startup_stm32g431xx.o [1]
  .text              ro code   0x800'59cc     0x4  startup_stm32g431xx.o [1]
  .text              ro code   0x800'59d0     0x4  startup_stm32g431xx.o [1]
  .text              ro code   0x800'59d4     0x4  startup_stm32g431xx.o [1]
  .text              ro code   0x800'59d8     0x4  startup_stm32g431xx.o [1]
  .text              ro code   0x800'59dc     0x4  startup_stm32g431xx.o [1]
  .text              ro code   0x800'59e0     0x4  startup_stm32g431xx.o [1]
  .text              ro code   0x800'59e4     0x4  startup_stm32g431xx.o [1]
  .text              ro code   0x800'59e8     0x4  startup_stm32g431xx.o [1]
  .text              ro code   0x800'59ec     0x4  startup_stm32g431xx.o [1]
  .text              ro code   0x800'59f0     0x4  startup_stm32g431xx.o [1]
  .text              ro code   0x800'59f4     0x4  startup_stm32g431xx.o [1]
  .text              ro code   0x800'59f8     0x4  startup_stm32g431xx.o [1]
  .text              ro code   0x800'59fc     0x4  startup_stm32g431xx.o [1]
  .text              ro code   0x800'5a00     0x4  startup_stm32g431xx.o [1]
  .text              ro code   0x800'5a04     0x4  startup_stm32g431xx.o [1]
  .text              ro code   0x800'5a08     0x4  startup_stm32g431xx.o [1]
  .text              ro code   0x800'5a0c     0x4  startup_stm32g431xx.o [1]
  .text              ro code   0x800'5a10     0x4  startup_stm32g431xx.o [1]
  .text              ro code   0x800'5a14     0x4  startup_stm32g431xx.o [1]
  .text              ro code   0x800'5a18     0x4  startup_stm32g431xx.o [1]
  .text              ro code   0x800'5a1c     0x4  startup_stm32g431xx.o [1]
  .text              ro code   0x800'5a20     0x4  startup_stm32g431xx.o [1]
  .text              ro code   0x800'5a24     0x4  startup_stm32g431xx.o [1]
  .text              ro code   0x800'5a28     0x4  startup_stm32g431xx.o [1]
  .text              ro code   0x800'5a2c     0x4  startup_stm32g431xx.o [1]
  .text              ro code   0x800'5a30     0x4  startup_stm32g431xx.o [1]
  .text              ro code   0x800'5a34     0x4  startup_stm32g431xx.o [1]
  .text              ro code   0x800'5a38     0x4  startup_stm32g431xx.o [1]
  .text              ro code   0x800'5a3c     0x4  startup_stm32g431xx.o [1]
  .text              ro code   0x800'5a40     0x4  startup_stm32g431xx.o [1]
  .text              ro code   0x800'5a44     0x4  startup_stm32g431xx.o [1]
  .text              ro code   0x800'5a48     0x4  startup_stm32g431xx.o [1]
  .text              ro code   0x800'5a4c     0x4  startup_stm32g431xx.o [1]
  .rodata            const     0x800'5a50     0x0  zero_init3.o [9]
  .rodata            const     0x800'5a50     0x0  copy_init3.o [9]
                             - 0x800'5a50  0x5878

"P2", part 1 of 3:                           0x48
  P2-1                        0x2000'0000    0x48  <Init block>
    .data            inited   0x2000'0000     0xc  stm32g4xx_hal.o [4]
    .data            inited   0x2000'000c     0x4  system_stm32g4xx.o [3]
    .data            inited   0x2000'0010    0x38  xlocale_c.o [7]
                            - 0x2000'0048    0x48

"P2", part 2 of 3:                          0x93c
  .bss               zero     0x2000'0048   0x45c  metrology.o [5]
  .bss               zero     0x2000'04a4     0x4  metrology_hal.o [5]
  .bss               zero     0x2000'04a8   0x1b0  main.o [2]
  .bss               zero     0x2000'0658   0x12c  metrology_hal.o [5]
  .bss               zero     0x2000'0784    0x95  main.o [2]
  .bss               zero     0x2000'081c    0x90  metroTask.o [6]
  .bss               zero     0x2000'08ac    0x78  metrology.o [5]
  .bss               zero     0x2000'0924    0x58  metrology_hal.o [5]
  .bss               zero     0x2000'097c     0x4  metroTask.o [6]
  .bss               zero     0x2000'0980     0x4  xfail_s.o [7]
                            - 0x2000'0984   0x93c

"P2", part 3 of 3:                          0x400
  CSTACK                      0x2000'0988   0x400  <Block>
    CSTACK           uninit   0x2000'0988   0x400  <Block tail>
                            - 0x2000'0d88   0x400

Unused ranges:

         From           To      Size
         ----           --      ----
   0x800'5a50   0x801'ffff  0x1'a5b0
  0x2000'0984  0x2000'0987       0x4
  0x2000'0d88  0x2000'7fff    0x7278


*******************************************************************************
*** INIT TABLE
***

          Address      Size
          -------      ----
Zero (__iar_zero_init3)
    1 destination range, total size 0x93c:
          0x2000'0048  0x93c

Copy (__iar_copy_init3)
    1 source range, total size 0x48:
           0x800'5794   0x48
    1 destination range, total size 0x48:
          0x2000'0000   0x48



*******************************************************************************
*** MODULE SUMMARY
***

    Module                   ro code  ro data  rw data
    ------                   -------  -------  -------
command line/config:
    --------------------------------------------------
    Total:

C:\stage_ingénieur\g4test\EWARM\g4test\Obj\Application\EWARM: [1]
    startup_stm32g431xx.o        764
    --------------------------------------------------
    Total:                       764

C:\stage_ingénieur\g4test\EWARM\g4test\Obj\Application\User\Core: [2]
    main.o                       584               581
    stm32g4xx_hal_msp.o          324
    stm32g4xx_it.o                32
    --------------------------------------------------
    Total:                       940               581

C:\stage_ingénieur\g4test\EWARM\g4test\Obj\Drivers\CMSIS: [3]
    system_stm32g4xx.o            32       12        4
    --------------------------------------------------
    Total:                        32       12        4

C:\stage_ingénieur\g4test\EWARM\g4test\Obj\Drivers\STM32G4xx_HAL_Driver: [4]
    stm32g4xx_hal.o              126       12       12
    stm32g4xx_hal_cortex.o       196
    stm32g4xx_hal_dma.o          218
    stm32g4xx_hal_gpio.o         488
    stm32g4xx_hal_pwr.o          128
    stm32g4xx_hal_pwr_ex.o       172
    stm32g4xx_hal_rcc.o        1'584
    stm32g4xx_hal_rcc_ex.o       552
    stm32g4xx_hal_spi.o        1'348
    stm32g4xx_hal_uart.o       3'648
    stm32g4xx_hal_uart_ex.o      254
    --------------------------------------------------
    Total:                     8'714       12       12

C:\stage_ingénieur\g4test\EWARM\g4test\Obj\Metrology\Drivers: [5]
    metrology.o                  744             1'236
    metrology_hal.o            3'300               392
    --------------------------------------------------
    Total:                     4'044             1'628

C:\stage_ingénieur\g4test\EWARM\g4test\Obj\Metrology\Tasks: [6]
    metroTask.o                1'192      160      148
    --------------------------------------------------
    Total:                     1'192      160      148

dl7M_tlf.a: [7]
    abort.o                        6
    exit.o                         4
    low_level_init.o               4
    sprintf.o                     64
    xfail_s.o                     64                 4
    xlocale_c.o                    8       59       56
    xprintffull_nomb.o         3'786
    xsprout.o                     10
    --------------------------------------------------
    Total:                     3'946       59       60

m7M_tls.a: [8]
    DblAddSub.o                  590
    DblCmpGe.o                    52
    DblCmpLe.o                    52
    DblDiv.o                     582
    DblMul.o                     426
    DblToS32.o                    54
    DblToU32.o                    34
    S32ToDbl.o                    34
    U32ToDbl.o                    28
    fpinit_M.o                    34
    frexp.o                      112
    ldexp.o                      314
    --------------------------------------------------
    Total:                     2'312

rt7M_tl.a: [9]
    ABImemclr.o                    6
    ABImemclr4.o                   6
    ABImemcpy_small.o             24
    ABImemset.o                  102
    ABImemset48.o                 50
    I64DivMod_small.o            262
    I64DivZer.o                    2
    cexit.o                       10
    cmain.o                       30
    copy_init3.o                  42
    cstartup_M.o                  28
    data_init.o                   40
    memchr.o                      88
    memset.o                      20
    strchr.o                      22
    strlen.o                      54
    zero_init3.o                  56
    --------------------------------------------------
    Total:                       842

shb_l.a: [10]
    exit.o                        20
    --------------------------------------------------
    Total:                        20

    Gaps                          31        4        3
    Linker created                         36    1'024
------------------------------------------------------
    Grand Total:              22'837      283    3'460


*******************************************************************************
*** ENTRY LIST
***

Entry                       Address   Size  Type      Object
-----                       -------   ----  ----      ------
.iar.init_table$$Base    0x800'5860          --   Gb  - Linker created -
.iar.init_table$$Limit   0x800'5884          --   Gb  - Linker created -
?main                    0x800'58d5         Code  Gb  cmain.o [9]
ACC_init                 0x800'43bf    0xc  Code  Gb  metroTask.o [6]
ACC_routine              0x800'43cb   0x6c  Code  Gb  metroTask.o [6]
ADC1_2_IRQHandler        0x800'5981         Code  Wk  startup_stm32g431xx.o [1]
AHBPrescTable            0x800'58c4   0x10  Data  Gb  system_stm32g4xx.o [3]
APBPrescTable            0x800'5934    0x8  Data  Gb  system_stm32g4xx.o [3]
BusFault_Handler         0x800'588b    0x2  Code  Gb  stm32g4xx_it.o [2]
COMP1_2_3_IRQHandler     0x800'5a1d         Code  Wk  startup_stm32g431xx.o [1]
COMP4_IRQHandler         0x800'5a21         Code  Wk  startup_stm32g431xx.o [1]
CORDIC_IRQHandler        0x800'5a49         Code  Wk  startup_stm32g431xx.o [1]
CRS_IRQHandler           0x800'5a25         Code  Wk  startup_stm32g431xx.o [1]
CSTACK$$Base            0x2000'0988          --   Gb  - Linker created -
CSTACK$$Limit           0x2000'0d88          --   Gb  - Linker created -
DMA1_Channel1_IRQHandler
                         0x800'5969         Code  Wk  startup_stm32g431xx.o [1]
DMA1_Channel2_IRQHandler
                         0x800'596d         Code  Wk  startup_stm32g431xx.o [1]
DMA1_Channel3_IRQHandler
                         0x800'5971         Code  Wk  startup_stm32g431xx.o [1]
DMA1_Channel4_IRQHandler
                         0x800'5975         Code  Wk  startup_stm32g431xx.o [1]
DMA1_Channel5_IRQHandler
                         0x800'5979         Code  Wk  startup_stm32g431xx.o [1]
DMA1_Channel6_IRQHandler
                         0x800'597d         Code  Wk  startup_stm32g431xx.o [1]
DMA2_Channel1_IRQHandler
                         0x800'5a05         Code  Wk  startup_stm32g431xx.o [1]
DMA2_Channel2_IRQHandler
                         0x800'5a09         Code  Wk  startup_stm32g431xx.o [1]
DMA2_Channel3_IRQHandler
                         0x800'5a0d         Code  Wk  startup_stm32g431xx.o [1]
DMA2_Channel4_IRQHandler
                         0x800'5a11         Code  Wk  startup_stm32g431xx.o [1]
DMA2_Channel5_IRQHandler
                         0x800'5a15         Code  Wk  startup_stm32g431xx.o [1]
DMA2_Channel6_IRQHandler
                         0x800'5a45         Code  Wk  startup_stm32g431xx.o [1]
DMAMUX_OVR_IRQHandler    0x800'5a41         Code  Wk  startup_stm32g431xx.o [1]
DebugMon_Handler         0x800'5891    0x2  Code  Gb  stm32g4xx_it.o [2]
EXTI0_IRQHandler         0x800'5955         Code  Wk  startup_stm32g431xx.o [1]
EXTI15_10_IRQHandler     0x800'59d5         Code  Wk  startup_stm32g431xx.o [1]
EXTI1_IRQHandler         0x800'5959         Code  Wk  startup_stm32g431xx.o [1]
EXTI2_IRQHandler         0x800'595d         Code  Wk  startup_stm32g431xx.o [1]
EXTI3_IRQHandler         0x800'5961         Code  Wk  startup_stm32g431xx.o [1]
EXTI4_IRQHandler         0x800'5965         Code  Wk  startup_stm32g431xx.o [1]
EXTI9_5_IRQHandler       0x800'5995         Code  Wk  startup_stm32g431xx.o [1]
Error_Handler            0x800'34dd    0x4  Code  Gb  main.o [2]
FDCAN1_IT0_IRQHandler    0x800'598d         Code  Wk  startup_stm32g431xx.o [1]
FDCAN1_IT1_IRQHandler    0x800'5991         Code  Wk  startup_stm32g431xx.o [1]
FLASH_IRQHandler         0x800'594d         Code  Wk  startup_stm32g431xx.o [1]
FMAC_IRQHandler          0x800'5a4d         Code  Wk  startup_stm32g431xx.o [1]
FPU_IRQHandler           0x800'5a2d         Code  Wk  startup_stm32g431xx.o [1]
HAL_DMA_Abort            0x800'2b81   0x68  Code  Gb  stm32g4xx_hal_dma.o [4]
HAL_DMA_Abort_IT         0x800'2be9   0x72  Code  Gb  stm32g4xx_hal_dma.o [4]
HAL_GPIO_Init            0x800'3621  0x1bc  Code  Gb  stm32g4xx_hal_gpio.o [4]
HAL_GPIO_WritePin        0x800'37dd    0xa  Code  Gb  stm32g4xx_hal_gpio.o [4]
HAL_GetTick              0x800'2b75    0xc  Code  Wk  stm32g4xx_hal.o [4]
HAL_IncTick              0x800'58a5   0x10  Code  Wk  stm32g4xx_hal.o [4]
HAL_Init                 0x800'3b39   0x1e  Code  Gb  stm32g4xx_hal.o [4]
HAL_InitTick             0x800'3af5   0x44  Code  Wk  stm32g4xx_hal.o [4]
HAL_MspInit              0x800'2a31   0x48  Code  Gb  stm32g4xx_hal_msp.o [2]
HAL_NVIC_EnableIRQ       0x800'3aa1   0x16  Code  Gb  stm32g4xx_hal_cortex.o [4]
HAL_NVIC_SetPriority     0x800'3a65   0x3a  Code  Gb  stm32g4xx_hal_cortex.o [4]
HAL_NVIC_SetPriorityGrouping
                         0x800'3a4b   0x1a  Code  Gb  stm32g4xx_hal_cortex.o [4]
HAL_PWREx_ControlVoltageScaling
                         0x800'3575   0x52  Code  Gb  stm32g4xx_hal_pwr_ex.o [4]
HAL_PWREx_DisableUCPDDeadBattery
                         0x800'35ff    0x2  Code  Gb  stm32g4xx_hal_pwr_ex.o [4]
HAL_PWR_ConfigPVD        0x800'34f5   0x6c  Code  Gb  stm32g4xx_hal_pwr.o [4]
HAL_PWR_EnablePVD        0x800'3561    0xc  Code  Gb  stm32g4xx_hal_pwr.o [4]
HAL_RCCEx_PeriphCLKConfig
                         0x800'3809  0x20a  Code  Gb  stm32g4xx_hal_rcc_ex.o [4]
HAL_RCC_ClockConfig      0x800'302f  0x19e  Code  Gb  stm32g4xx_hal_rcc.o [4]
HAL_RCC_GetPCLK1Freq     0x800'3237   0x10  Code  Gb  stm32g4xx_hal_rcc.o [4]
HAL_RCC_GetPCLK2Freq     0x800'3247    0xe  Code  Gb  stm32g4xx_hal_rcc.o [4]
HAL_RCC_GetSysClockFreq
                         0x800'31d9   0x5e  Code  Gb  stm32g4xx_hal_rcc.o [4]
HAL_RCC_OscConfig        0x800'2c69  0x3aa  Code  Gb  stm32g4xx_hal_rcc.o [4]
HAL_SPI_Init             0x800'3b61   0xde  Code  Gb  stm32g4xx_hal_spi.o [4]
HAL_SPI_MspInit          0x800'2a79   0x50  Code  Gb  stm32g4xx_hal_msp.o [2]
HAL_SPI_TransmitReceive
                         0x800'3c49  0x1fe  Code  Gb  stm32g4xx_hal_spi.o [4]
HAL_SYSTICK_Config       0x800'3ab7   0x22  Code  Gb  stm32g4xx_hal_cortex.o [4]
HAL_UARTEx_DisableFifoMode
                         0x800'40a5   0x3c  Code  Gb  stm32g4xx_hal_uart_ex.o [4]
HAL_UARTEx_RxEventCallback
                         0x800'2c5d    0x2  Code  Wk  stm32g4xx_hal_uart.o [4]
HAL_UARTEx_RxFifoFullCallback
                         0x800'2c65    0x2  Code  Wk  stm32g4xx_hal_uart_ex.o [4]
HAL_UARTEx_SetRxFifoThreshold
                         0x800'40f7   0x14  Code  Gb  stm32g4xx_hal_uart_ex.o [4]
HAL_UARTEx_SetTxFifoThreshold
                         0x800'40e1   0x16  Code  Gb  stm32g4xx_hal_uart_ex.o [4]
HAL_UARTEx_TxFifoEmptyCallback
                         0x800'2c63    0x2  Code  Wk  stm32g4xx_hal_uart_ex.o [4]
HAL_UARTEx_WakeupCallback
                         0x800'2c5f    0x2  Code  Wk  stm32g4xx_hal_uart_ex.o [4]
HAL_UART_ErrorCallback   0x800'2c5b    0x2  Code  Wk  stm32g4xx_hal_uart.o [4]
HAL_UART_IRQHandler      0x800'1d91  0x2ae  Code  Gb  stm32g4xx_hal_uart.o [4]
HAL_UART_Init            0x800'1bf5   0x30  Code  Gb  stm32g4xx_hal_uart.o [4]
HAL_UART_MspInit         0x800'2ac9   0x7e  Code  Gb  stm32g4xx_hal_msp.o [2]
HAL_UART_Receive_IT      0x800'1d2d   0x28  Code  Gb  stm32g4xx_hal_uart.o [4]
HAL_UART_RxCpltCallback
                         0x800'3299   0x30  Code  Gb  main.o [2]
HAL_UART_Transmit        0x800'1c75   0xb8  Code  Gb  stm32g4xx_hal_uart.o [4]
HAL_UART_TxCpltCallback
                         0x800'2c61    0x2  Code  Wk  stm32g4xx_hal_uart.o [4]
HardFault_Handler        0x800'5887    0x2  Code  Gb  stm32g4xx_it.o [2]
I2C1_ER_IRQHandler       0x800'59b9         Code  Wk  startup_stm32g431xx.o [1]
I2C1_EV_IRQHandler       0x800'59b5         Code  Wk  startup_stm32g431xx.o [1]
I2C2_ER_IRQHandler       0x800'59c1         Code  Wk  startup_stm32g431xx.o [1]
I2C2_EV_IRQHandler       0x800'59bd         Code  Wk  startup_stm32g431xx.o [1]
I2C3_ER_IRQHandler       0x800'5a3d         Code  Wk  startup_stm32g431xx.o [1]
I2C3_EV_IRQHandler       0x800'5a39         Code  Wk  startup_stm32g431xx.o [1]
LPTIM1_IRQHandler        0x800'59f1         Code  Wk  startup_stm32g431xx.o [1]
LPUART1_IRQHandler       0x800'5a35         Code  Wk  startup_stm32g431xx.o [1]
METRO_Data              0x2000'08ac   0x78  Data  Gb  metrology.o [5]
METRO_Get_Measures       0x800'42df   0x2e  Code  Gb  metroTask.o [6]
METRO_Init               0x800'419d   0x92  Code  Gb  metroTask.o [6]
METRO_Latch_Measures     0x800'42b9   0x26  Code  Gb  metroTask.o [6]
METRO_Update_Measures    0x800'422f   0x7a  Code  Gb  metroTask.o [6]
MemManage_Handler        0x800'5889    0x2  Code  Gb  stm32g4xx_it.o [2]
Metro_ApplyConfig        0x800'4797   0x64  Code  Gb  metrology.o [5]
Metro_Com_RxBuf         0x2000'0928   0x28  Data  Gb  metrology_hal.o [5]
Metro_Com_TxBuf         0x2000'0954   0x28  Data  Gb  metrology_hal.o [5]
Metro_Get_Data_device    0x800'486f    0xe  Code  Gb  metrology.o [5]
Metro_HAL_CSS_EXT_Device
                         0x800'5555    0xa  Code  Lc  metrology_hal.o [5]
Metro_HAL_CalcCRC8       0x800'52f7   0x2e  Code  Lc  metrology_hal.o [5]
Metro_HAL_EN_EXT_Device
                         0x800'555f    0x8  Code  Lc  metrology_hal.o [5]
Metro_HAL_Get_Data_device
                         0x800'4bcb   0x4e  Code  Gb  metrology_hal.o [5]
Metro_HAL_Read_Live_Event_from_Channel
                         0x800'4d49  0x160  Code  Gb  metrology_hal.o [5]
Metro_HAL_Read_Status_from_Channel
                         0x800'4ea9  0x1ba  Code  Gb  metrology_hal.o [5]
Metro_HAL_RxHandler::Cpt_char
                        0x2000'0924    0x1  Data  Lc  metrology_hal.o [5]
Metro_HAL_STPM_SYN_reset_3_pulses
                         0x800'5211   0x2e  Code  Lc  metrology_hal.o [5]
Metro_HAL_SYN_EXT_Device
                         0x800'5583    0xa  Code  Lc  metrology_hal.o [5]
Metro_HAL_Set_Latch_device_type
                         0x800'4b33   0x8c  Code  Gb  metrology_hal.o [5]
Metro_HAL_Setup          0x800'4a09    0xa  Code  Gb  metrology_hal.o [5]
Metro_HAL_SpiTxStart     0x800'558d  0x122  Code  Lc  metrology_hal.o [5]
Metro_HAL_Stpm_Read      0x800'541b  0x10c  Code  Gb  metrology_hal.o [5]
Metro_HAL_Stpm_write     0x800'5325   0xec  Code  Gb  metrology_hal.o [5]
Metro_HAL_WaitMicroSecond
                         0x800'52a1   0x56  Code  Lc  metrology_hal.o [5]
Metro_HAL_init_device    0x800'4a39   0xc0  Code  Gb  metrology_hal.o [5]
Metro_HAL_power_up_device
                         0x800'4af9   0x32  Code  Gb  metrology_hal.o [5]
Metro_HAL_read_Momentary_Current
                         0x800'51d3   0x3e  Code  Gb  metrology_hal.o [5]
Metro_HAL_read_Momentary_Voltage
                         0x800'5189   0x3a  Code  Gb  metrology_hal.o [5]
Metro_HAL_read_PHI       0x800'5117   0x22  Code  Gb  metrology_hal.o [5]
Metro_HAL_read_RMS_Current
                         0x800'50e3   0x20  Code  Gb  metrology_hal.o [5]
Metro_HAL_read_RMS_Voltage
                         0x800'50c1   0x22  Code  Gb  metrology_hal.o [5]
Metro_HAL_read_energy    0x800'4cd5   0x5e  Code  Gb  metrology_hal.o [5]
Metro_HAL_read_period    0x800'514d   0x3c  Code  Gb  metrology_hal.o [5]
Metro_HAL_read_power     0x800'4c35   0x9e  Code  Gb  metrology_hal.o [5]
Metro_HAL_reset_transfer_context
                         0x800'523f   0x62  Code  Lc  metrology_hal.o [5]
Metro_Init               0x800'4721   0x1c  Code  Gb  metrology.o [5]
Metro_Read_Block_From_Device
                         0x800'4867    0x4  Code  Gb  metrology.o [5]
Metro_Read_Period        0x800'489d   0x10  Code  Gb  metrology.o [5]
Metro_Read_Power         0x800'48ad   0x42  Code  Gb  metrology.o [5]
Metro_Read_RMS           0x800'497f   0x78  Code  Gb  metrology.o [5]
Metro_Read_energy        0x800'48ef   0x90  Code  Gb  metrology.o [5]
Metro_Register_Latch_device_Config_type
                         0x800'488b   0x12  Code  Gb  metrology.o [5]
Metro_Set_Hardware_Factors
                         0x800'47fb   0x36  Code  Gb  metrology.o [5]
Metro_Set_Latch_device_type
                         0x800'487d    0xe  Code  Gb  metrology.o [5]
Metro_Setup              0x800'4765   0x32  Code  Gb  metrology.o [5]
Metro_Write_Block_to_Device
                         0x800'486b    0x4  Code  Gb  metrology.o [5]
Metro_power_up_device    0x800'473d   0x1c  Code  Gb  metrology.o [5]
Metrology_HAL_ReadBlock
                         0x800'4a13   0x12  Code  Gb  metrology_hal.o [5]
Metrology_HAL_WriteBlock
                         0x800'4a25   0x14  Code  Gb  metrology_hal.o [5]
NMI_Handler              0x800'5885    0x2  Code  Gb  stm32g4xx_it.o [2]
PVD_PVM_IRQHandler       0x800'5941         Code  Wk  startup_stm32g431xx.o [1]
PendSV_Handler           0x800'5893    0x2  Code  Gb  stm32g4xx_it.o [2]
RCC_IRQHandler           0x800'5951         Code  Wk  startup_stm32g431xx.o [1]
RNG_IRQHandler           0x800'5a31         Code  Wk  startup_stm32g431xx.o [1]
RTC_Alarm_IRQHandler     0x800'59d9         Code  Wk  startup_stm32g431xx.o [1]
RTC_TAMP_LSECSS_IRQHandler
                         0x800'5945         Code  Wk  startup_stm32g431xx.o [1]
RTC_WKUP_IRQHandler      0x800'5949         Code  Wk  startup_stm32g431xx.o [1]
Region$$Table$$Base      0x800'5860          --   Gb  - Linker created -
Region$$Table$$Limit     0x800'5884          --   Gb  - Linker created -
Reset_Handler            0x800'5925         Code  Wk  startup_stm32g431xx.o [1]
SAI1_IRQHandler          0x800'5a29         Code  Wk  startup_stm32g431xx.o [1]
SPI1_IRQHandler          0x800'59c5         Code  Wk  startup_stm32g431xx.o [1]
SPI2_IRQHandler          0x800'59c9         Code  Wk  startup_stm32g431xx.o [1]
SPI3_IRQHandler          0x800'59f5         Code  Wk  startup_stm32g431xx.o [1]
SPIWrp_SendAndReceiveByte
                         0x800'56af   0x20  Code  Lc  metrology_hal.o [5]
SPI_EndRxTxTransaction   0x800'4057   0x2e  Code  Lc  stm32g4xx_hal_spi.o [4]
SPI_WaitFifoStateUntilTimeout
                         0x800'3f5f   0xd4  Code  Lc  stm32g4xx_hal_spi.o [4]
SPI_WaitFlagStateUntilTimeout
                         0x800'3ea9   0xb6  Code  Lc  stm32g4xx_hal_spi.o [4]
STPM_com_port            0x800'56f4   0x38  Data  Gb  metroTask.o [6]
SVC_Handler              0x800'588f    0x2  Code  Gb  stm32g4xx_it.o [2]
SysTick_Handler          0x800'5895    0x4  Code  Gb  stm32g4xx_it.o [2]
SystemClock_Config       0x800'3481   0x5c  Code  Gb  main.o [2]
SystemCoreClock         0x2000'000c    0x4  Data  Gb  system_stm32g4xx.o [3]
SystemInit               0x800'58b5    0xc  Code  Gb  system_stm32g4xx.o [3]
TIM1_BRK_TIM15_IRQHandler
                         0x800'5999         Code  Wk  startup_stm32g431xx.o [1]
TIM1_CC_IRQHandler       0x800'59a5         Code  Wk  startup_stm32g431xx.o [1]
TIM1_TRG_COM_TIM17_IRQHandler
                         0x800'59a1         Code  Wk  startup_stm32g431xx.o [1]
TIM1_UP_TIM16_IRQHandler
                         0x800'599d         Code  Wk  startup_stm32g431xx.o [1]
TIM2_IRQHandler          0x800'59a9         Code  Wk  startup_stm32g431xx.o [1]
TIM3_IRQHandler          0x800'59ad         Code  Wk  startup_stm32g431xx.o [1]
TIM4_IRQHandler          0x800'59b1         Code  Wk  startup_stm32g431xx.o [1]
TIM6_DAC_IRQHandler      0x800'59fd         Code  Wk  startup_stm32g431xx.o [1]
TIM7_IRQHandler          0x800'5a01         Code  Wk  startup_stm32g431xx.o [1]
TIM8_BRK_IRQHandler      0x800'59e1         Code  Wk  startup_stm32g431xx.o [1]
TIM8_CC_IRQHandler       0x800'59ed         Code  Wk  startup_stm32g431xx.o [1]
TIM8_TRG_COM_IRQHandler
                         0x800'59e9         Code  Wk  startup_stm32g431xx.o [1]
TIM8_UP_IRQHandler       0x800'59e5         Code  Wk  startup_stm32g431xx.o [1]
Tab_METRO_internal_Devices_Config
                        0x2000'0048  0x45c  Data  Gb  metrology.o [5]
UART4_IRQHandler         0x800'59f9         Code  Wk  startup_stm32g431xx.o [1]
UARTEx_SetNbDataToProcess
                         0x800'414d   0x3e  Code  Lc  stm32g4xx_hal_uart_ex.o [4]
UARTEx_SetNbDataToProcess::denominator
                         0x800'4194    0x8  Data  Lc  stm32g4xx_hal_uart_ex.o [4]
UARTEx_SetNbDataToProcess::numerator
                         0x800'418c    0x8  Data  Lc  stm32g4xx_hal_uart_ex.o [4]
UARTPrescTable           0x800'268c   0x18  Data  Gb  stm32g4xx_hal_uart.o [4]
UART_AdvFeatureConfig    0x800'2311   0xc6  Code  Gb  stm32g4xx_hal_uart.o [4]
UART_CheckIdleState      0x800'23d7   0x5e  Code  Gb  stm32g4xx_hal_uart.o [4]
UART_DMAAbortOnError     0x800'2679   0x12  Code  Lc  stm32g4xx_hal_uart.o [4]
UART_EndRxTransfer       0x800'2605   0x28  Code  Lc  stm32g4xx_hal_uart.o [4]
UART_RxISR_16BIT         0x800'26f5   0x4e  Code  Lc  stm32g4xx_hal_uart.o [4]
UART_RxISR_16BIT_FIFOEN
                         0x800'287d   0x96  Code  Lc  stm32g4xx_hal_uart.o [4]
UART_RxISR_8BIT          0x800'26a5   0x4e  Code  Lc  stm32g4xx_hal_uart.o [4]
UART_RxISR_8BIT_FIFOEN   0x800'27c1   0x96  Code  Lc  stm32g4xx_hal_uart.o [4]
UART_SetConfig           0x800'20a5  0x268  Code  Gb  stm32g4xx_hal_uart.o [4]
UART_Start_Receive_IT    0x800'24ed  0x118  Code  Gb  stm32g4xx_hal_uart.o [4]
UART_WaitOnFlagUntilTimeout
                         0x800'2435   0x7a  Code  Gb  stm32g4xx_hal_uart.o [4]
UCPD1_IRQHandler         0x800'5a19         Code  Wk  startup_stm32g431xx.o [1]
USART1_IRQHandler        0x800'59cd         Code  Wk  startup_stm32g431xx.o [1]
USART2_IRQHandler        0x800'5899    0x6  Code  Gb  stm32g4xx_it.o [2]
USART3_IRQHandler        0x800'59d1         Code  Wk  startup_stm32g431xx.o [1]
USBWakeUp_IRQHandler     0x800'59dd         Code  Wk  startup_stm32g431xx.o [1]
USB_HP_IRQHandler        0x800'5985         Code  Wk  startup_stm32g431xx.o [1]
USB_LP_IRQHandler        0x800'5989         Code  Wk  startup_stm32g431xx.o [1]
UsageFault_Handler       0x800'588d    0x2  Code  Gb  stm32g4xx_it.o [2]
VSCS_init                0x800'4311    0x2  Code  Gb  metroTask.o [6]
VSCS_routine             0x800'436b   0x48  Code  Gb  metroTask.o [6]
VSC_init                 0x800'430d    0x2  Code  Gb  metroTask.o [6]
VSC_routine              0x800'4327   0x44  Code  Gb  metroTask.o [6]
WA_init                  0x800'4437   0x7e  Code  Gb  metroTask.o [6]
WA_routine               0x800'44b5  0x148  Code  Gb  metroTask.o [6]
WWDG_IRQHandler          0x800'593d         Code  Wk  startup_stm32g431xx.o [1]
_LC                      0x800'01d9    0x6  Code  Lc  xprintffull_nomb.o [7]
_LitobFullNoMb           0x800'0ec1  0x114  Code  Lc  xprintffull_nomb.o [7]
_Locale_lconv           0x2000'0010   0x38  Data  Lc  xlocale_c.o [7]
_PrintfFullNoMb          0x800'01df  0xcb4  Code  Gb  xprintffull_nomb.o [7]
_PutcharsFullNoMb        0x800'102d   0x2e  Code  Lc  xprintffull_nomb.o [7]
_SProut                  0x800'10e3    0xa  Code  Gb  xsprout.o [7]
__NVIC_SetPriority       0x800'3a31   0x1a  Code  Lc  stm32g4xx_hal_cortex.o [4]
__aeabi_cdcmple          0x800'1245         Code  Gb  DblCmpLe.o [8]
__aeabi_cdrcmple         0x800'1279         Code  Gb  DblCmpGe.o [8]
__aeabi_d2iz             0x800'13e9         Code  Gb  DblToS32.o [8]
__aeabi_d2uiz            0x800'18dd         Code  Gb  DblToU32.o [8]
__aeabi_ddiv             0x800'1695         Code  Gb  DblDiv.o [8]
__aeabi_dmul             0x800'191d         Code  Gb  DblMul.o [8]
__aeabi_dsub             0x800'15b1         Code  Gb  DblAddSub.o [8]
__aeabi_i2d              0x800'1421         Code  Gb  S32ToDbl.o [8]
__aeabi_ldiv0            0x800'1bdd         Code  Gb  I64DivZer.o [9]
__aeabi_memclr           0x800'56ed         Code  Gb  ABImemclr.o [9]
__aeabi_memclr4          0x800'3b59         Code  Gb  ABImemclr4.o [9]
__aeabi_memset           0x800'4685         Code  Gb  ABImemset.o [9]
__aeabi_ui2d             0x800'1901         Code  Gb  U32ToDbl.o [8]
__cmain                  0x800'58d5         Code  Gb  cmain.o [9]
__exit                   0x800'1be1   0x14  Code  Gb  exit.o [10]
__iar_Fail_s             0x800'10ed   0x1c  Code  Gb  xfail_s.o [7]
__iar_Memchr             0x800'1165         Code  Gb  memchr.o [9]
__iar_Memset             0x800'4685         Code  Gb  ABImemset.o [9]
__iar_Memset4_word       0x800'46ed         Code  Gb  ABImemset48.o [9]
__iar_Memset8_word       0x800'46ed         Code  Gb  ABImemset48.o [9]
__iar_Memset_word        0x800'468d         Code  Gb  ABImemset.o [9]
__iar_Strchr             0x800'10cd         Code  Gb  strchr.o [9]
__iar_copy_init3         0x800'10a3   0x2a  Code  Gb  copy_init3.o [9]
__iar_data_init3         0x800'5815   0x28  Code  Gb  data_init.o [9]
__iar_frexp              0x800'11e1         Code  Gb  frexp.o [8]
__iar_frexpl             0x800'11e1         Code  Gb  frexp.o [8]
__iar_init_vfp           0x800'583d         Code  Gb  fpinit_M.o [8]
__iar_ldexp64            0x800'12ad         Code  Gb  ldexp.o [8]
__iar_program_start      0x800'5909         Code  Gb  cstartup_M.o [9]
__iar_scalbln64          0x800'12ad         Code  Gb  ldexp.o [8]
__iar_scalbn64           0x800'12ad         Code  Gb  ldexp.o [8]
__iar_small_Memcpy       0x800'11c1         Code  Gb  ABImemcpy_small.o [9]
__iar_small_memcpy       0x800'11bd         Code  Gb  ABImemcpy_small.o [9]
__iar_small_memcpy4      0x800'11bd         Code  Gb  ABImemcpy_small.o [9]
__iar_small_memcpy8      0x800'11bd         Code  Gb  ABImemcpy_small.o [9]
__iar_small_uldivmod     0x800'1ad1         Code  Gb  I64DivMod_small.o [9]
__iar_softfp___iar_frexp64
                         0x800'11d5         Code  Gb  frexp.o [8]
__iar_softfp_frexp       0x800'11d5         Code  Gb  frexp.o [8]
__iar_softfp_frexpl      0x800'11d5         Code  Gb  frexp.o [8]
__iar_zero_init3         0x800'57dd   0x38  Code  Gb  zero_init3.o [9]
__low_level_init         0x800'58f3    0x4  Code  Gb  low_level_init.o [7]
__vector_table           0x800'0000         Data  Gb  startup_stm32g431xx.o [1]
_call_main               0x800'58e1         Code  Gb  cmain.o [9]
_exit                    0x800'58fd         Code  Gb  cexit.o [9]
abort                    0x800'1bd7    0x6  Code  Gb  abort.o [7]
byte                    0x2000'0784    0x1  Data  Gb  main.o [2]
exit                     0x800'58f7    0x4  Code  Gb  exit.o [7]
hspi                    0x2000'0658  0x12c  Data  Gb  metrology_hal.o [5]
hspi2                   0x2000'04a8   0x64  Data  Gb  main.o [2]
huart2                  0x2000'0788   0x90  Data  Gb  main.o [2]
ldexp                    0x800'12ad         Code  Gb  ldexp.o [8]
ldexpl                   0x800'12ad         Code  Gb  ldexp.o [8]
localeconv               0x800'1ac9    0x4  Code  Gb  xlocale_c.o [7]
main                     0x800'32c9  0x186  Code  Gb  main.o [2]
memchr                   0x800'1165         Code  Gb  memchr.o [9]
memset                   0x800'34e1   0x14  Code  Gb  memset.o [9]
metroData               0x2000'081c   0x90  Data  Gb  metroTask.o [6]
metroDefault             0x800'572c   0x68  Data  Gb  metroTask.o [6]
overflow_count          0x2000'097c    0x4  Data  Gb  metroTask.o [6]
p_Metro_Device_Config   0x2000'0950    0x4  Data  Gb  metrology_hal.o [5]
ph_one                  0x2000'0510  0x148  Data  Gb  main.o [2]
scalbln                  0x800'12ad         Code  Gb  ldexp.o [8]
scalblnl                 0x800'12ad         Code  Gb  ldexp.o [8]
scalbn                   0x800'12ad         Code  Gb  ldexp.o [8]
scalbnl                  0x800'12ad         Code  Gb  ldexp.o [8]
scale                    0x800'0fd5   0x46  Code  Lc  xprintffull_nomb.o [7]
sec_hand                0x2000'0980    0x4  Data  Lc  xfail_s.o [7]
sprintf                  0x800'4645   0x40  Code  Gb  sprintf.o [7]
strchr                   0x800'10cd         Code  Gb  strchr.o [9]
strlen                   0x800'112d         Code  Gb  strlen.o [9]
txbuf                   0x2000'0818    0x1  Data  Gb  main.o [2]
uwTick                  0x2000'0000    0x4  Data  Gb  stm32g4xx_hal.o [4]
uwTickFreq              0x2000'0008    0x4  Data  Gb  stm32g4xx_hal.o [4]
uwTickPrio              0x2000'0004    0x4  Data  Gb  stm32g4xx_hal.o [4]
waitDummyCounter        0x2000'04a4    0x4  Data  Gb  metrology_hal.o [5]


[1] = C:\stage_ingénieur\g4test\EWARM\g4test\Obj\Application\EWARM
[2] = C:\stage_ingénieur\g4test\EWARM\g4test\Obj\Application\User\Core
[3] = C:\stage_ingénieur\g4test\EWARM\g4test\Obj\Drivers\CMSIS
[4] = C:\stage_ingénieur\g4test\EWARM\g4test\Obj\Drivers\STM32G4xx_HAL_Driver
[5] = C:\stage_ingénieur\g4test\EWARM\g4test\Obj\Metrology\Drivers
[6] = C:\stage_ingénieur\g4test\EWARM\g4test\Obj\Metrology\Tasks
[7] = dl7M_tlf.a
[8] = m7M_tls.a
[9] = rt7M_tl.a
[10] = shb_l.a

  22'837 bytes of readonly  code memory
     283 bytes of readonly  data memory
   3'460 bytes of readwrite data memory

Errors: none
Warnings: none
